Model:   Modelica.Electrical.PowerConverters.Examples.ACDC.RectifierCenterTapmPulse.DiodeCenterTapmPulse
┌ Warning: Verbosity toggle: max_iters 
│  Interrupted. Larger maxiters is needed. If you are using an integrator for non-stiff ODEs or an automatic switching algorithm (the default), you may want to consider using a method for stiff equations. See the solver pages for more details (e.g. https://docs.sciml.ai/DiffEqDocs/stable/solvers/ode_solve/#Stiff-Problems).
│ 
│ Diagnostics:
│ 
│ Jacobian Analysis:
│   row(s) [1] have unusually large entries (e.g. J[1,1] = -2e+11), suggesting a singularity in those equation(s)
│     row 1 corresponds to equation: 0 ~ var"rectifier.ac.pin[3].v"(t) - var"rectifier.dc_p.v"(t) - var"rectifier.diode.idealDiode[3].v"(t)
│   column(s) [1] have unusually large entries, suggesting those state component(s) are diverging
│     col 1 corresponds to variable: var"currentSensor.i"(t)
│ 
│ Error Analysis:
│   step error estimate EEst = 8.687e-27 (a step is accepted when EEst <= 1)
│   largest contributors to EEst = internalnorm(atmp), where atmp is the tolerance-weighted local error per state component:
│     atmp[3] = -1.735e-26, u[3] = -1.844e-20, uprev[3] = -1.844e-20
│     atmp[4] = -8.676e-28, u[4] = -9.22e-22, uprev[4] = -9.22e-22
│     atmp[2] = 8.703e-39, u[2] = -5.29e-36, uprev[2] = -5.29e-36
└ @ DiffEqBase /home/runner/.julia/packages/DiffEqBase/4iocW/src/check_error.jl:25
Solver OrdinaryDiffEqRosenbrock.Rodas5P
    saveat:   []
    abstol:   1.00e-06
    reltol:   1.00e-06
    adaptive: true
    dense:    true

Time: 136.191 s
Success: false

--- Error ---
Solver returned: MaxIters
