Model:  Modelica.Electrical.Analog.Examples.HeatingMOSInverter
Time:    0.027 s
Success: false

--- Error ---
DomainError with -100.0:
Exponentiation yielding a complex result requires a complex argument.
Replace x^y with (x+0im)^y, Complex(x)^y, or similar.
Stacktrace:
  [1] throw_exp_domainerror(x::Float64)
    @ Base.Math ./math.jl:41
  [2] ^(x::Float64, y::Float64)
    @ Base.Math ./math.jl:1155
  [3] #__get_expression_sort_key!##0
    @ ~/.julia/packages/ModelingToolkitTearing/2p2Cp/src/tearingstate.jl:549 [inlined]
  [4] iterate
    @ ./generator.jl:48 [inlined]
  [5] collect_to!
    @ ./array.jl:848 [inlined]
  [6] collect_to_with_first!
    @ ./array.jl:826 [inlined]
  [7] _collect(c::Vector{Tuple{Int64, Float64, Float64}}, itr::Base.Generator{Vector{Tuple{Int64, Float64, Float64}}, ModelingToolkitTearing.var"#__get_expression_sort_key!##0#__get_expression_sort_key!##1"{Float64}}, ::Base.EltypeUnknown, isz::Base.HasShape{1})
    @ Base ./array.jl:820
  [8] collect_similar(cont::Vector{Tuple{Int64, Float64, Float64}}, itr::Base.Generator{Vector{Tuple{Int64, Float64, Float64}}, ModelingToolkitTearing.var"#__get_expression_sort_key!##0#__get_expression_sort_key!##1"{Float64}})
    @ Base ./array.jl:732
  [9] map(f::Function, A::Vector{Tuple{Int64, Float64, Float64}})
    @ Base ./abstractarray.jl:3372
 [10] __get_expression_sort_key!(cache::IdDict{SymbolicUtils.BasicSymbolicImpl.var"typeof(BasicSymbolicImpl)"{SymbolicUtils.SymReal}, Vector{Tuple{Int64, Float64, Float64}}}, expr::SymbolicUtils.BasicSymbolicImpl.var"typeof(BasicSymbolicImpl)"{SymbolicUtils.SymReal}, var2idx::Dict{SymbolicUtils.BasicSymbolicImpl.var"typeof(BasicSymbolicImpl)"{SymbolicUtils.SymReal}, Int64}, canonical_ranks::Vector{Int64})
    @ ModelingToolkitTearing ~/.julia/packages/ModelingToolkitTearing/2p2Cp/src/tearingstate.jl:549
 [11] get_expression_sort_key!(cache::IdDict{SymbolicUtils.BasicSymbolicImpl.var"typeof(BasicSymbolicImpl)"{SymbolicUtils.SymReal}, Vector{Tuple{Int64, Float64, Float64}}}, expr::SymbolicUtils.BasicSymbolicImpl.var"typeof(BasicSymbolicImpl)"{SymbolicUtils.SymReal}, var2idx::Dict{SymbolicUtils.BasicSymbolicImpl.var"typeof(BasicSymbolicImpl)"{SymbolicUtils.SymReal}, Int64}, canonical_ranks::Vector{Int64})
    @ ModelingToolkitTearing ~/.julia/packages/ModelingToolkitTearing/2p2Cp/src/tearingstate.jl:478
 [12] __get_expression_sort_key!(cache::IdDict{SymbolicUtils.BasicSymbolicImpl.var"typeof(BasicSymbolicImpl)"{SymbolicUtils.SymReal}, Vector{Tuple{Int64, Float64, Float64}}}, expr::SymbolicUtils.BasicSymbolicImpl.var"typeof(BasicSymbolicImpl)"{SymbolicUtils.SymReal}, var2idx::Dict{SymbolicUtils.BasicSymbolicImpl.var"typeof(BasicSymbolicImpl)"{SymbolicUtils.SymReal}, Int64}, canonical_ranks::Vector{Int64})
    @ ModelingToolkitTearing ~/.julia/packages/ModelingToolkitTearing/2p2Cp/src/tearingstate.jl:563
 [13] get_expression_sort_key!(cache::IdDict{SymbolicUtils.BasicSymbolicImpl.var"typeof(BasicSymbolicImpl)"{SymbolicUtils.SymReal}, Vector{Tuple{Int64, Float64, Float64}}}, expr::SymbolicUtils.BasicSymbolicImpl.var"typeof(BasicSymbolicImpl)"{SymbolicUtils.SymReal}, var2idx::Dict{SymbolicUtils.BasicSymbolicImpl.var"typeof(BasicSymbolicImpl)"{SymbolicUtils.SymReal}, Int64}, canonical_ranks::Vector{Int64})
    @ ModelingToolkitTearing ~/.julia/packages/ModelingToolkitTearing/2p2Cp/src/tearingstate.jl:478
 [14] __get_expression_sort_key!(cache::IdDict{SymbolicUtils.BasicSymbolicImpl.var"typeof(BasicSymbolicImpl)"{SymbolicUtils.SymReal}, Vector{Tuple{Int64, Float64, Float64}}}, expr::SymbolicUtils.BasicSymbolicImpl.var"typeof(BasicSymbolicImpl)"{SymbolicUtils.SymReal}, var2idx::Dict{SymbolicUtils.BasicSymbolicImpl.var"typeof(BasicSymbolicImpl)"{SymbolicUtils.SymReal}, Int64}, canonical_ranks::Vector{Int64})
    @ ModelingToolkitTearing ~/.julia/packages/ModelingToolkitTearing/2p2Cp/src/tearingstate.jl:505
 [15] get_expression_sort_key!(cache::IdDict{SymbolicUtils.BasicSymbolicImpl.var"typeof(BasicSymbolicImpl)"{SymbolicUtils.SymReal}, Vector{Tuple{Int64, Float64, Float64}}}, expr::SymbolicUtils.BasicSymbolicImpl.var"typeof(BasicSymbolicImpl)"{SymbolicUtils.SymReal}, var2idx::Dict{SymbolicUtils.BasicSymbolicImpl.var"typeof(BasicSymbolicImpl)"{SymbolicUtils.SymReal}, Int64}, canonical_ranks::Vector{Int64})
    @ ModelingToolkitTearing ~/.julia/packages/ModelingToolkitTearing/2p2Cp/src/tearingstate.jl:478
 [16] __get_expression_sort_key!(cache::IdDict{SymbolicUtils.BasicSymbolicImpl.var"typeof(BasicSymbolicImpl)"{SymbolicUtils.SymReal}, Vector{Tuple{Int64, Float64, Float64}}}, expr::SymbolicUtils.BasicSymbolicImpl.var"typeof(BasicSymbolicImpl)"{SymbolicUtils.SymReal}, var2idx::Dict{SymbolicUtils.BasicSymbolicImpl.var"typeof(BasicSymbolicImpl)"{SymbolicUtils.SymReal}, Int64}, canonical_ranks::Vector{Int64})
    @ ModelingToolkitTearing ~/.julia/packages/ModelingToolkitTearing/2p2Cp/src/tearingstate.jl:563
--- the above 2 lines are repeated 2 more times ---
 [21] get_expression_sort_key!(cache::IdDict{SymbolicUtils.BasicSymbolicImpl.var"typeof(BasicSymbolicImpl)"{SymbolicUtils.SymReal}, Vector{Tuple{Int64, Float64, Float64}}}, expr::SymbolicUtils.BasicSymbolicImpl.var"typeof(BasicSymbolicImpl)"{SymbolicUtils.SymReal}, var2idx::Dict{SymbolicUtils.BasicSymbolicImpl.var"typeof(BasicSymbolicImpl)"{SymbolicUtils.SymReal}, Int64}, canonical_ranks::Vector{Int64})
    @ ModelingToolkitTearing ~/.julia/packages/ModelingToolkitTearing/2p2Cp/src/tearingstate.jl:478
 [22] __get_expression_sort_key!(cache::IdDict{SymbolicUtils.BasicSymbolicImpl.var"typeof(BasicSymbolicImpl)"{SymbolicUtils.SymReal}, Vector{Tuple{Int64, Float64, Float64}}}, expr::SymbolicUtils.BasicSymbolicImpl.var"typeof(BasicSymbolicImpl)"{SymbolicUtils.SymReal}, var2idx::Dict{SymbolicUtils.BasicSymbolicImpl.var"typeof(BasicSymbolicImpl)"{SymbolicUtils.SymReal}, Int64}, canonical_ranks::Vector{Int64})
    @ ModelingToolkitTearing ~/.julia/packages/ModelingToolkitTearing/2p2Cp/src/tearingstate.jl:505
 [23] get_expression_sort_key!(cache::IdDict{SymbolicUtils.BasicSymbolicImpl.var"typeof(BasicSymbolicImpl)"{SymbolicUtils.SymReal}, Vector{Tuple{Int64, Float64, Float64}}}, expr::SymbolicUtils.BasicSymbolicImpl.var"typeof(BasicSymbolicImpl)"{SymbolicUtils.SymReal}, var2idx::Dict{SymbolicUtils.BasicSymbolicImpl.var"typeof(BasicSymbolicImpl)"{SymbolicUtils.SymReal}, Int64}, canonical_ranks::Vector{Int64})
    @ ModelingToolkitTearing ~/.julia/packages/ModelingToolkitTearing/2p2Cp/src/tearingstate.jl:478
 [24] __get_expression_sort_key!(cache::IdDict{SymbolicUtils.BasicSymbolicImpl.var"typeof(BasicSymbolicImpl)"{SymbolicUtils.SymReal}, Vector{Tuple{Int64, Float64, Float64}}}, expr::SymbolicUtils.BasicSymbolicImpl.var"typeof(BasicSymbolicImpl)"{SymbolicUtils.SymReal}, var2idx::Dict{SymbolicUtils.BasicSymbolicImpl.var"typeof(BasicSymbolicImpl)"{SymbolicUtils.SymReal}, Int64}, canonical_ranks::Vector{Int64})
    @ ModelingToolkitTearing ~/.julia/packages/ModelingToolkitTearing/2p2Cp/src/tearingstate.jl:563
 [25] get_expression_sort_key!(cache::IdDict{SymbolicUtils.BasicSymbolicImpl.var"typeof(BasicSymbolicImpl)"{SymbolicUtils.SymReal}, Vector{Tuple{Int64, Float64, Float64}}}, expr::SymbolicUtils.BasicSymbolicImpl.var"typeof(BasicSymbolicImpl)"{SymbolicUtils.SymReal}, var2idx::Dict{SymbolicUtils.BasicSymbolicImpl.var"typeof(BasicSymbolicImpl)"{SymbolicUtils.SymReal}, Int64}, canonical_ranks::Vector{Int64})
    @ ModelingToolkitTearing ~/.julia/packages/ModelingToolkitTearing/2p2Cp/src/tearingstate.jl:478
 [26] __get_expression_sort_key!(cache::IdDict{SymbolicUtils.BasicSymbolicImpl.var"typeof(BasicSymbolicImpl)"{SymbolicUtils.SymReal}, Vector{Tuple{Int64, Float64, Float64}}}, expr::SymbolicUtils.BasicSymbolicImpl.var"typeof(BasicSymbolicImpl)"{SymbolicUtils.SymReal}, var2idx::Dict{SymbolicUtils.BasicSymbolicImpl.var"typeof(BasicSymbolicImpl)"{SymbolicUtils.SymReal}, Int64}, canonical_ranks::Vector{Int64})
    @ ModelingToolkitTearing ~/.julia/packages/ModelingToolkitTearing/2p2Cp/src/tearingstate.jl:505
 [27] get_expression_sort_key!
    @ ~/.julia/packages/ModelingToolkitTearing/2p2Cp/src/tearingstate.jl:478 [inlined]
 [28] get_equation_sort_key!
    @ ~/.julia/packages/ModelingToolkitTearing/2p2Cp/src/tearingstate.jl:469 [inlined]
 [29] ModelingToolkitTearing.TearingState(sys::ModelingToolkitBase.System, source_info::ModelingToolkitBase.EquationSourceInformation; check::Bool, sort_eqs::Bool)
    @ ModelingToolkitTearing ~/.julia/packages/ModelingToolkitTearing/2p2Cp/src/tearingstate.jl:416
 [30] TearingState
    @ ~/.julia/packages/ModelingToolkitTearing/2p2Cp/src/tearingstate.jl:148 [inlined]
 [31] __mtkcompile(sys::ModelingToolkitBase.System; inputs::OrderedCollections.OrderedSet{SymbolicUtils.BasicSymbolicImpl.var"typeof(BasicSymbolicImpl)"{SymbolicUtils.SymReal}}, outputs::OrderedCollections.OrderedSet{SymbolicUtils.BasicSymbolicImpl.var"typeof(BasicSymbolicImpl)"{SymbolicUtils.SymReal}}, disturbance_inputs::OrderedCollections.OrderedSet{SymbolicUtils.BasicSymbolicImpl.var"typeof(BasicSymbolicImpl)"{SymbolicUtils.SymReal}}, sort_eqs::Bool, kwargs::@Kwargs{additional_passes::Tuple{}, fully_determined::Nothing})
    @ ModelingToolkit ~/.julia/packages/ModelingToolkit/Hf2CS/src/systems/systems.jl:34
 [32] __mtkcompile
    @ ~/.julia/packages/ModelingToolkit/Hf2CS/src/systems/systems.jl:23 [inlined]
 [33] _mtkcompile(sys::ModelingToolkitBase.System; kwargs::@Kwargs{inputs::OrderedCollections.OrderedSet{SymbolicUtils.BasicSymbolicImpl.var"typeof(BasicSymbolicImpl)"{SymbolicUtils.SymReal}}, outputs::OrderedCollections.OrderedSet{SymbolicUtils.BasicSymbolicImpl.var"typeof(BasicSymbolicImpl)"{SymbolicUtils.SymReal}}, disturbance_inputs::OrderedCollections.OrderedSet{SymbolicUtils.BasicSymbolicImpl.var"typeof(BasicSymbolicImpl)"{SymbolicUtils.SymReal}}, additional_passes::Tuple{}, fully_determined::Nothing})
    @ ModelingToolkitBase ~/.julia/packages/ModelingToolkitBase/9wONO/src/systems/systems.jl:154
 [34] _mtkcompile
    @ ~/.julia/packages/ModelingToolkitBase/9wONO/src/systems/systems.jl:127 [inlined]
 [35] mtkcompile(sys::ModelingToolkitBase.System; additional_passes::Tuple{}, inputs::Vector{SymbolicUtils.BasicSymbolicImpl.var"typeof(BasicSymbolicImpl)"{SymbolicUtils.SymReal}}, outputs::Vector{SymbolicUtils.BasicSymbolicImpl.var"typeof(BasicSymbolicImpl)"{SymbolicUtils.SymReal}}, disturbance_inputs::Vector{SymbolicUtils.BasicSymbolicImpl.var"typeof(BasicSymbolicImpl)"{SymbolicUtils.SymReal}}, split::Bool, kwargs::@Kwargs{fully_determined::Nothing})
    @ ModelingToolkitBase ~/.julia/packages/ModelingToolkitBase/9wONO/src/systems/systems.jl:100
 [36] mtkcompile
    @ ~/.julia/packages/ModelingToolkitBase/9wONO/src/systems/systems.jl:84 [inlined]
 [37] ModelingToolkitBase.InitializationProblem{true, SciMLBase.AutoSpecialize}(sys::ModelingToolkitBase.System, t::Float64, op::ModelingToolkitBase.AtomicArrayDict{SymbolicUtils.BasicSymbolicImpl.var"typeof(BasicSymbolicImpl)"{SymbolicUtils.SymReal}, Dict{SymbolicUtils.BasicSymbolicImpl.var"typeof(BasicSymbolicImpl)"{SymbolicUtils.SymReal}, SymbolicUtils.BasicSymbolicImpl.var"typeof(BasicSymbolicImpl)"{SymbolicUtils.SymReal}}}; fast_path::Bool, guesses::Dict{Any, Any}, check_length::Bool, warn_initialize_determined::Bool, initialization_eqs::Vector{Any}, fully_determined::Nothing, check_units::Bool, allow_incomplete::Bool, algebraic_only::Bool, time_dependent_init::Bool, initsys_mtkcompile_kwargs::@NamedTuple{}, is_steadystateprob::Bool, kwargs::@Kwargs{use_scc::Bool, u0_constructor::typeof(identity), p_constructor::typeof(identity), eval_expression::Bool, eval_module::Module, missing_guess_value::ModelingToolkitBase.MissingGuessValue.var"typeof(MissingGuessValue)", warn_cyclic_dependency::Bool, circular_dependency_max_cycle_length::Int64, circular_dependency_max_cycles::Int64, compiler_options::ModelingToolkitBase.CompilerOptions, check_compatibility::Bool, reltol::Float64})
    @ ModelingToolkitBase ~/.julia/packages/ModelingToolkitBase/9wONO/src/problems/initializationproblem.jl:88
 [38] InitializationProblem
    @ ~/.julia/packages/ModelingToolkitBase/9wONO/src/problems/initializationproblem.jl:22 [inlined]
 [39] #_#930
    @ ./none:-1 [inlined]
 [40] maybe_build_initialization_problem(sys::ModelingToolkitBase.System, iip::Bool, op::ModelingToolkitBase.AtomicArrayDict{SymbolicUtils.BasicSymbolicImpl.var"typeof(BasicSymbolicImpl)"{SymbolicUtils.SymReal}, Dict{SymbolicUtils.BasicSymbolicImpl.var"typeof(BasicSymbolicImpl)"{SymbolicUtils.SymReal}, SymbolicUtils.BasicSymbolicImpl.var"typeof(BasicSymbolicImpl)"{SymbolicUtils.SymReal}}}, t::Float64, guesses::Dict{Any, Any}; time_dependent_init::Bool, u0_constructor::Function, p_constructor::Function, floatT::Type, initialization_eqs::Vector{Any}, use_scc::Bool, eval_expression::Bool, eval_module::Module, missing_guess_value::ModelingToolkitBase.MissingGuessValue.var"typeof(MissingGuessValue)", implicit_dae::Bool, is_steadystateprob::Bool, expression::Type, kwargs::@Kwargs{initsys_mtkcompile_kwargs::@NamedTuple{}, warn_initialize_determined::Bool, fully_determined::Nothing, warn_cyclic_dependency::Bool, check_units::Bool, circular_dependency_max_cycle_length::Int64, circular_dependency_max_cycles::Int64, algebraic_only::Bool, allow_incomplete::Bool, compiler_options::ModelingToolkitBase.CompilerOptions, check_compatibility::Bool, reltol::Float64})
    @ ModelingToolkitBase ~/.julia/packages/ModelingToolkitBase/9wONO/src/systems/problem_utils.jl:1607
 [41] __process_SciMLProblem(constructor::Type, sys::ModelingToolkitBase.System, op::Dict{Any, Any}; floatT::Type, u0Type::Type, u0_eltype::Type, build_initializeprob::Bool, implicit_dae::Bool, t::Float64, guesses::Dict{Any, Any}, warn_initialize_determined::Bool, initialization_eqs::Vector{Any}, eval_expression::Bool, eval_module::Module, fully_determined::Nothing, check_initialization_units::Bool, tofloat::Bool, u0_constructor::typeof(identity), p_constructor::typeof(identity), check_length::Bool, symbolic_u0::Bool, warn_cyclic_dependency::Bool, circular_dependency_max_cycle_length::Int64, circular_dependency_max_cycles::Int64, initsys_mtkcompile_kwargs::@NamedTuple{}, substitution_limit::Int64, use_scc::Bool, time_dependent_init::Bool, algebraic_only::Bool, missing_guess_value::ModelingToolkitBase.MissingGuessValue.var"typeof(MissingGuessValue)", allow_incomplete::Bool, is_initializeprob::Bool, is_steadystateprob::Bool, return_operating_point::Bool, compiler_options::ModelingToolkitBase.CompilerOptions, init_compiler_options::ModelingToolkitBase.CompilerOptions, kwargs::@Kwargs{expression::DataType, check_compatibility::Bool, reltol::Float64})
    @ ModelingToolkitBase ~/.julia/packages/ModelingToolkitBase/9wONO/src/systems/problem_utils.jl:2017
 [42] process_SciMLProblem(constructor::Any, sys::ModelingToolkitBase.System, op::Any; u0_eltype::Nothing, u0_constructor::Function, p_constructor::Function, symbolic_u0::Bool, kwargs::@Kwargs{t::Float64, check_length::Bool, eval_expression::Bool, eval_module::Module, expression::DataType, check_compatibility::Bool, missing_guess_value::ModelingToolkitBase.MissingGuessValue.var"typeof(MissingGuessValue)", reltol::Float64})
    @ ModelingToolkitBase ~/.julia/packages/ModelingToolkitBase/9wONO/src/systems/problem_utils.jl:1966
 [43] (ODEProblem{ModelingToolkitBase.Both, SciMLBase.AutoSpecialize})(sys::ModelingToolkitBase.System, op::Any, tspan::Tuple{Float64, Float64}; callback::Any, check_length::Bool, eval_expression::Bool, expression::Type, eval_module::Module, check_compatibility::Bool, _skip_events::Bool, kwargs::@Kwargs{missing_guess_value::ModelingToolkitBase.MissingGuessValue.var"typeof(MissingGuessValue)", reltol::Float64})
    @ ModelingToolkitBase ~/.julia/packages/ModelingToolkitBase/9wONO/src/problems/odeproblem.jl:116
 [44] ODEProblem
    @ ~/.julia/packages/ModelingToolkitBase/9wONO/src/problems/odeproblem.jl:105 [inlined]
 [45] ODEProblem
    @ ./none:-1 [inlined]
--- the above 1 lines are repeated 1 more time ---
 [47] (::BaseModelicaLibraryTesting.var"#run_parse##16#run_parse##17"{@NamedTuple{StartTime::Float64, StopTime::Float64, Tolerance::Float64, Interval::Nothing}})()
    @ BaseModelicaLibraryTesting ~/work/BaseModelicaLibraryTesting.jl/BaseModelicaLibraryTesting.jl/src/parse_bm.jl:122
 [48] with_logstate(f::BaseModelicaLibraryTesting.var"#run_parse##16#run_parse##17"{@NamedTuple{StartTime::Float64, StopTime::Float64, Tolerance::Float64, Interval::Nothing}}, logstate::Base.CoreLogging.LogState)
    @ Base.CoreLogging ./logging/logging.jl:542
 [49] with_logger
    @ ./logging/logging.jl:653 [inlined]
 [50] (::BaseModelicaLibraryTesting.var"#run_parse##14#run_parse##15"{@NamedTuple{StartTime::Float64, StopTime::Float64, Tolerance::Float64, Interval::Nothing}})()
    @ BaseModelicaLibraryTesting ~/work/BaseModelicaLibraryTesting.jl/BaseModelicaLibraryTesting.jl/src/parse_bm.jl:114
 [51] (::Base.RedirectStdStream)(thunk::BaseModelicaLibraryTesting.var"#run_parse##14#run_parse##15"{@NamedTuple{StartTime::Float64, StopTime::Float64, Tolerance::Float64, Interval::Nothing}}, stream::Pipe)
    @ Base ./stream.jl:1464
 [52] #run_parse##12
    @ ~/work/BaseModelicaLibraryTesting.jl/BaseModelicaLibraryTesting.jl/src/parse_bm.jl:113 [inlined]
 [53] (::Base.RedirectStdStream)(thunk::BaseModelicaLibraryTesting.var"#run_parse##12#run_parse##13"{Pipe, @NamedTuple{StartTime::Float64, StopTime::Float64, Tolerance::Float64, Interval::Nothing}}, stream::Pipe)
    @ Base ./stream.jl:1464
 [54] run_parse(bm_path::String, model_dir::String, model::String)
    @ BaseModelicaLibraryTesting ~/work/BaseModelicaLibraryTesting.jl/BaseModelicaLibraryTesting.jl/src/parse_bm.jl:112
 [55] test_model(omc::OMJulia.OMCSession, model::String, results_root::String, ref_root::String; sim_settings::SimulateSettings, csv_max_size_mb::Int64)
    @ BaseModelicaLibraryTesting ~/work/BaseModelicaLibraryTesting.jl/BaseModelicaLibraryTesting.jl/src/pipeline.jl:82
 [56] test_model
    @ ~/work/BaseModelicaLibraryTesting.jl/BaseModelicaLibraryTesting.jl/src/pipeline.jl:60 [inlined]
 [57] main(; library::String, version::String, filter::String, omc_exe::String, results_root::String, ref_root::String, bm_options::String, sim_settings::SimulateSettings, csv_max_size_mb::Int64)
    @ BaseModelicaLibraryTesting ~/work/BaseModelicaLibraryTesting.jl/BaseModelicaLibraryTesting.jl/src/pipeline.jl:220
 [58] top-level scope
    @ none:7
 [59] eval(m::Module, e::Any)
    @ Core ./boot.jl:489
 [60] exec_options(opts::Base.JLOptions)
    @ Base ./client.jl:283
