Model:  Modelica.Blocks.Examples.DemonstrateSignalExtrema
┌ Warning: Initialization system is overdetermined. 4 equations for 0 unknowns. Initialization will default to using least squares. `SCCNonlinearProblem` can only be used for initialization of fully determined systems and hence will not be used here.
│ 
│ 
│ Call `analyze_initialization_jacobian(prob)` on the constructed problem to see which equations are redundant (and which unknowns, if any, remain underdetermined).
│ 
│ To suppress this warning, pass `warn_initialize_determined = false`. To turn this warning into an error, pass `fully_determined = true`.
└ @ ModelingToolkit /home/runner/.julia/packages/ModelingToolkit/N292v/src/initialization.jl:22
Time:    0.266 s
Success: false

--- Error ---
Could not evaluate value of parameter var"signalExtrema2.t_max"(t). Missing values for variables in expression var"signalExtrema2.t_max"(t).
Stacktrace:
  [1] error(s::LazyString)
    @ Base ./error.jl:44
  [2] ModelingToolkitBase.MTKParameters(sys::ModelingToolkitBase.System, op::ModelingToolkitBase.AtomicArrayDict{SymbolicUtils.BasicSymbolicImpl.var"typeof(BasicSymbolicImpl)"{SymbolicUtils.SymReal}, Dict{SymbolicUtils.BasicSymbolicImpl.var"typeof(BasicSymbolicImpl)"{SymbolicUtils.SymReal}, SymbolicUtils.BasicSymbolicImpl.var"typeof(BasicSymbolicImpl)"{SymbolicUtils.SymReal}}}; tofloat::Bool, t0::Nothing, substitution_limit::Int64, floatT::Type, p_constructor::Function, fast_path::Bool)
    @ ModelingToolkitBase ~/.julia/packages/ModelingToolkitBase/U91TJ/src/systems/parameter_buffer.jl:199
  [3] __process_SciMLProblem(constructor::Any, sys::ModelingToolkitBase.System, op::Dict{Any, Any}, opts::ModelingToolkitBase.SciMLProblemOptions{false}; kwargs::@Kwargs{expression::DataType, reltol::Float64, saveat::Float64})
    @ ModelingToolkitBase ~/.julia/packages/ModelingToolkitBase/U91TJ/src/systems/problem_utils.jl:2305
  [4] process_SciMLProblem(constructor::Any, sys::ModelingToolkitBase.System, op::Any, opts::ModelingToolkitBase.SciMLProblemOptions{false}; kwargs::@Kwargs{expression::DataType, reltol::Float64, saveat::Float64})
    @ ModelingToolkitBase ~/.julia/packages/ModelingToolkitBase/U91TJ/src/systems/problem_utils.jl:2177
  [5] process_SciMLProblem(constructor::Type, sys::ModelingToolkitBase.System, op::ModelingToolkitBase.AtomicArrayDict{SymbolicUtils.BasicSymbolicImpl.var"typeof(BasicSymbolicImpl)"{SymbolicUtils.SymReal}, Dict{SymbolicUtils.BasicSymbolicImpl.var"typeof(BasicSymbolicImpl)"{SymbolicUtils.SymReal}, SymbolicUtils.BasicSymbolicImpl.var"typeof(BasicSymbolicImpl)"{SymbolicUtils.SymReal}}}; u0_eltype::Nothing, u0_constructor::Function, p_constructor::Function, symbolic_u0::Bool, build_initializeprob::Bool, implicit_dae::Bool, t::Nothing, guesses::Dict{Any, Any}, warn_initialize_determined::Bool, initialization_eqs::Vector{Any}, eval_expression::Bool, eval_module::Module, fully_determined::Nothing, check_initialization_units::Bool, tofloat::Bool, check_length::Bool, warn_cyclic_dependency::Bool, circular_dependency_max_cycle_length::Int64, circular_dependency_max_cycles::Int64, initsys_mtkcompile_kwargs::@NamedTuple{}, substitution_limit::Int64, use_scc::Bool, time_dependent_init::Bool, algebraic_only::Bool, missing_guess_value::ModelingToolkitBase.MissingGuessValue.var"typeof(MissingGuessValue)", allow_incomplete::Bool, is_initializeprob::Bool, is_steadystateprob::Bool, return_operating_point::Bool, compiler_options::ModelingToolkitBase.CompilerOptions, init_compiler_options::ModelingToolkitBase.CompilerOptions, kwargs::@Kwargs{expression::DataType, reltol::Float64, saveat::Float64})
    @ ModelingToolkitBase ~/.julia/packages/ModelingToolkitBase/U91TJ/src/systems/problem_utils.jl:2147
  [6] (NonlinearLeastSquaresProblem{true, AutoDespecialize})(sys::ModelingToolkitBase.System, op::ModelingToolkitBase.AtomicArrayDict{SymbolicUtils.BasicSymbolicImpl.var"typeof(BasicSymbolicImpl)"{SymbolicUtils.SymReal}, Dict{SymbolicUtils.BasicSymbolicImpl.var"typeof(BasicSymbolicImpl)"{SymbolicUtils.SymReal}, SymbolicUtils.BasicSymbolicImpl.var"typeof(BasicSymbolicImpl)"{SymbolicUtils.SymReal}}}; check_length::Bool, lb::Nothing, ub::Nothing, check_compatibility::Bool, expression::Type, kwargs::@Kwargs{reltol::Float64, saveat::Float64, u0_constructor::typeof(identity), p_constructor::typeof(identity), missing_guess_value::ModelingToolkitBase.MissingGuessValue.var"typeof(MissingGuessValue)", eval_expression::Bool, eval_module::Module, warn_cyclic_dependency::Bool, circular_dependency_max_cycle_length::Int64, circular_dependency_max_cycles::Int64, compiler_options::ModelingToolkitBase.CompilerOptions, build_initializeprob::Bool, is_initializeprob::Bool})
    @ ModelingToolkitBase ~/.julia/packages/ModelingToolkitBase/U91TJ/src/problems/nonlinearproblem.jl:182
  [7] ModelingToolkitBase.InitializationProblem{true, AutoDespecialize}(sys::ModelingToolkitBase.System, t::Float64, op::ModelingToolkitBase.AtomicArrayDict{SymbolicUtils.BasicSymbolicImpl.var"typeof(BasicSymbolicImpl)"{SymbolicUtils.SymReal}, Dict{SymbolicUtils.BasicSymbolicImpl.var"typeof(BasicSymbolicImpl)"{SymbolicUtils.SymReal}, SymbolicUtils.BasicSymbolicImpl.var"typeof(BasicSymbolicImpl)"{SymbolicUtils.SymReal}}}, opts::ModelingToolkitBase.SciMLProblemOptions{false}; fast_path::Bool, guesses::Dict{Any, Any}, check_length::Nothing, kwargs::@Kwargs{check_compatibility::Bool, reltol::Float64, saveat::Float64})
    @ ModelingToolkitBase ~/.julia/packages/ModelingToolkitBase/U91TJ/src/problems/initializationproblem.jl:177
  [8] maybe_build_initialization_problem(sys::ModelingToolkitBase.System, iip::Bool, op::ModelingToolkitBase.AtomicArrayDict{SymbolicUtils.BasicSymbolicImpl.var"typeof(BasicSymbolicImpl)"{SymbolicUtils.SymReal}, Dict{SymbolicUtils.BasicSymbolicImpl.var"typeof(BasicSymbolicImpl)"{SymbolicUtils.SymReal}, SymbolicUtils.BasicSymbolicImpl.var"typeof(BasicSymbolicImpl)"{SymbolicUtils.SymReal}}}, t::Float64, guesses::Dict{Any, Any}, opts::ModelingToolkitBase.SciMLProblemOptions{false}; specialize::Type, expression::Type, kwargs::@Kwargs{check_compatibility::Bool, reltol::Float64, saveat::Float64})
    @ ModelingToolkitBase ~/.julia/packages/ModelingToolkitBase/U91TJ/src/systems/problem_utils.jl:1920
  [9] __process_SciMLProblem(constructor::Any, sys::ModelingToolkitBase.System, op::Dict{Any, Any}, opts::ModelingToolkitBase.SciMLProblemOptions{false}; kwargs::@Kwargs{expression::DataType, check_compatibility::Bool, reltol::Float64, saveat::Float64})
    @ ModelingToolkitBase ~/.julia/packages/ModelingToolkitBase/U91TJ/src/systems/problem_utils.jl:2226
 [10] process_SciMLProblem(constructor::Any, sys::ModelingToolkitBase.System, op::Any, opts::ModelingToolkitBase.SciMLProblemOptions{false}; kwargs::@Kwargs{expression::DataType, check_compatibility::Bool, reltol::Float64, saveat::Float64})
    @ ModelingToolkitBase ~/.julia/packages/ModelingToolkitBase/U91TJ/src/systems/problem_utils.jl:2177
 [11] process_SciMLProblem(constructor::Type, sys::ModelingToolkitBase.System, op::Vector{Any}; u0_eltype::Nothing, u0_constructor::Function, p_constructor::Function, symbolic_u0::Bool, build_initializeprob::Bool, implicit_dae::Bool, t::Float64, guesses::Dict{Any, Any}, warn_initialize_determined::Bool, initialization_eqs::Vector{Any}, eval_expression::Bool, eval_module::Module, fully_determined::Nothing, check_initialization_units::Bool, tofloat::Bool, check_length::Bool, warn_cyclic_dependency::Bool, circular_dependency_max_cycle_length::Int64, circular_dependency_max_cycles::Int64, initsys_mtkcompile_kwargs::@NamedTuple{}, substitution_limit::Int64, use_scc::Bool, time_dependent_init::Bool, algebraic_only::Bool, missing_guess_value::ModelingToolkitBase.MissingGuessValue.var"typeof(MissingGuessValue)", allow_incomplete::Bool, is_initializeprob::Bool, is_steadystateprob::Bool, return_operating_point::Bool, compiler_options::ModelingToolkitBase.CompilerOptions, init_compiler_options::ModelingToolkitBase.CompilerOptions, kwargs::@Kwargs{expression::DataType, check_compatibility::Bool, reltol::Float64, saveat::Float64})
    @ ModelingToolkitBase ~/.julia/packages/ModelingToolkitBase/U91TJ/src/systems/problem_utils.jl:2147
 [12] _ode_problem(::Type{ODEProblem{ModelingToolkitBase.Both, AutoDespecialize}}, sys::ModelingToolkitBase.System, op::Any, tspan::Tuple{Float64, Float64}; callback::Any, check_length::Bool, eval_expression::Bool, expression::Type, eval_module::Module, check_compatibility::Bool, _skip_events::Bool, kwargs::@Kwargs{missing_guess_value::ModelingToolkitBase.MissingGuessValue.var"typeof(MissingGuessValue)", reltol::Float64, saveat::Float64})
    @ ModelingToolkitBase ~/.julia/packages/ModelingToolkitBase/U91TJ/src/problems/odeproblem.jl:131
 [13] (ODEProblem{ModelingToolkitBase.Both, AutoDespecialize})(sys::ModelingToolkitBase.System, op::Any, tspan::Tuple{Float64, Float64}; callback::Any, check_length::Bool, eval_expression::Bool, expression::Type, eval_module::Module, check_compatibility::Bool, _skip_events::Bool, kwargs::@Kwargs{missing_guess_value::ModelingToolkitBase.MissingGuessValue.var"typeof(MissingGuessValue)", reltol::Float64, saveat::Float64})
    @ ModelingToolkitBase ~/.julia/packages/ModelingToolkitBase/U91TJ/src/problems/odeproblem.jl:160
 [14] ODEProblem
    @ ~/.julia/packages/ModelingToolkitBase/U91TJ/src/problems/odeproblem.jl:154 [inlined]
 [15] ODEProblem
    @ ./none:-1 [inlined]
 [16] #ODEProblem#829
    @ ./none:-1 [inlined]
 [17] (::BaseModelicaLibraryTesting.var"#run_parse##16#run_parse##17"{@NamedTuple{StartTime::Float64, StopTime::Float64, Tolerance::Float64, Interval::Float64}})()
    @ BaseModelicaLibraryTesting ~/work/BaseModelicaLibraryTesting.jl/BaseModelicaLibraryTesting.jl/src/parse_bm.jl:122
 [18] with_logstate(f::BaseModelicaLibraryTesting.var"#run_parse##16#run_parse##17"{@NamedTuple{StartTime::Float64, StopTime::Float64, Tolerance::Float64, Interval::Float64}}, logstate::Base.CoreLogging.LogState)
    @ Base.CoreLogging ./logging/logging.jl:542
 [19] with_logger
    @ ./logging/logging.jl:653 [inlined]
 [20] (::BaseModelicaLibraryTesting.var"#run_parse##14#run_parse##15"{@NamedTuple{StartTime::Float64, StopTime::Float64, Tolerance::Float64, Interval::Float64}})()
    @ BaseModelicaLibraryTesting ~/work/BaseModelicaLibraryTesting.jl/BaseModelicaLibraryTesting.jl/src/parse_bm.jl:114
 [21] (::Base.RedirectStdStream)(thunk::BaseModelicaLibraryTesting.var"#run_parse##14#run_parse##15"{@NamedTuple{StartTime::Float64, StopTime::Float64, Tolerance::Float64, Interval::Float64}}, stream::Pipe)
    @ Base ./stream.jl:1464
 [22] #run_parse##12
    @ ~/work/BaseModelicaLibraryTesting.jl/BaseModelicaLibraryTesting.jl/src/parse_bm.jl:113 [inlined]
 [23] (::Base.RedirectStdStream)(thunk::BaseModelicaLibraryTesting.var"#run_parse##12#run_parse##13"{Pipe, @NamedTuple{StartTime::Float64, StopTime::Float64, Tolerance::Float64, Interval::Float64}}, stream::Pipe)
    @ Base ./stream.jl:1464
 [24] run_parse(bm_path::String, model_dir::String, model::String)
    @ BaseModelicaLibraryTesting ~/work/BaseModelicaLibraryTesting.jl/BaseModelicaLibraryTesting.jl/src/parse_bm.jl:112
 [25] test_model(omc::OMJulia.OMCSession, model::String, results_root::String, ref_root::String; sim_settings::SimulateSettings, csv_max_size_mb::Int64)
    @ BaseModelicaLibraryTesting ~/work/BaseModelicaLibraryTesting.jl/BaseModelicaLibraryTesting.jl/src/pipeline.jl:82
 [26] test_model
    @ ~/work/BaseModelicaLibraryTesting.jl/BaseModelicaLibraryTesting.jl/src/pipeline.jl:60 [inlined]
 [27] main(; library::String, version::String, filter::String, omc_exe::String, results_root::String, ref_root::String, bm_options::String, sim_settings::SimulateSettings, csv_max_size_mb::Int64)
    @ BaseModelicaLibraryTesting ~/work/BaseModelicaLibraryTesting.jl/BaseModelicaLibraryTesting.jl/src/pipeline.jl:220
 [28] top-level scope
    @ none:7
 [29] eval(m::Module, e::Any)
    @ Core ./boot.jl:489
 [30] exec_options(opts::Base.JLOptions)
    @ Base ./client.jl:283
 [31] _start()
    @ Base ./client.jl:550
