Model:  Modelica.Electrical.PowerConverters.Examples.ACDC.RectifierCenterTap2Pulse.ThyristorCenterTap2Pulse_R
Time:    0.015 s
Success: false

--- Error ---
ArgumentError: Pre(var"pulse2.twoPulse.timerPositive[1].entryTime"(t)) is present in the system but Pre(var"pulse2.twoPulse.timerPositive[1].entryTime"(t)) is not an unknown.
Stacktrace:
  [1] ModelingToolkitTearing.TearingState(sys::ModelingToolkitBase.System, source_info::ModelingToolkitBase.EquationSourceInformation; check::Bool, sort_eqs::Bool, defer_scalarization::Bool)
    @ ModelingToolkitTearing ~/.julia/packages/ModelingToolkitTearing/ZusxN/src/tearingstate.jl:298
  [2] TearingState
    @ ~/.julia/packages/ModelingToolkitTearing/ZusxN/src/tearingstate.jl:149 [inlined]
  [3] __mtkcompile(sys::ModelingToolkitBase.System; inputs::OrderedCollections.OrderedSet{SymbolicUtils.BasicSymbolicImpl.var"typeof(BasicSymbolicImpl)"{SymbolicUtils.SymReal}}, outputs::OrderedCollections.OrderedSet{SymbolicUtils.BasicSymbolicImpl.var"typeof(BasicSymbolicImpl)"{SymbolicUtils.SymReal}}, disturbance_inputs::OrderedCollections.OrderedSet{SymbolicUtils.BasicSymbolicImpl.var"typeof(BasicSymbolicImpl)"{SymbolicUtils.SymReal}}, sort_eqs::Bool, kwargs::@Kwargs{additional_passes::Tuple{}, fully_determined::Nothing})
    @ ModelingToolkit ~/.julia/packages/ModelingToolkit/N292v/src/systems/systems.jl:12
  [4] __mtkcompile
    @ ~/.julia/packages/ModelingToolkit/N292v/src/systems/systems.jl:1 [inlined]
  [5] _mtkcompile(sys::ModelingToolkitBase.System; kwargs::@Kwargs{inputs::OrderedCollections.OrderedSet{SymbolicUtils.BasicSymbolicImpl.var"typeof(BasicSymbolicImpl)"{SymbolicUtils.SymReal}}, outputs::OrderedCollections.OrderedSet{SymbolicUtils.BasicSymbolicImpl.var"typeof(BasicSymbolicImpl)"{SymbolicUtils.SymReal}}, disturbance_inputs::OrderedCollections.OrderedSet{SymbolicUtils.BasicSymbolicImpl.var"typeof(BasicSymbolicImpl)"{SymbolicUtils.SymReal}}, additional_passes::Tuple{}, fully_determined::Nothing})
    @ ModelingToolkitBase ~/.julia/packages/ModelingToolkitBase/HEVxc/src/systems/systems.jl:199
  [6] _mtkcompile
    @ ~/.julia/packages/ModelingToolkitBase/HEVxc/src/systems/systems.jl:172 [inlined]
  [7] mtkcompile(sys::ModelingToolkitBase.System; additional_passes::Tuple{}, inputs::Vector{SymbolicUtils.BasicSymbolicImpl.var"typeof(BasicSymbolicImpl)"{SymbolicUtils.SymReal}}, outputs::Vector{SymbolicUtils.BasicSymbolicImpl.var"typeof(BasicSymbolicImpl)"{SymbolicUtils.SymReal}}, disturbance_inputs::Vector{SymbolicUtils.BasicSymbolicImpl.var"typeof(BasicSymbolicImpl)"{SymbolicUtils.SymReal}}, split::Bool, kwargs::@Kwargs{fully_determined::Nothing})
    @ ModelingToolkitBase ~/.julia/packages/ModelingToolkitBase/HEVxc/src/systems/systems.jl:144
  [8] mtkcompile
    @ ~/.julia/packages/ModelingToolkitBase/HEVxc/src/systems/systems.jl:128 [inlined]
  [9] mtkcompile_initialization_system(isys::ModelingToolkitBase.System, sys::ModelingToolkitBase.System; fully_determined::Nothing, kwargs::@Kwargs{})
    @ ModelingToolkitBase ~/.julia/packages/ModelingToolkitBase/HEVxc/src/problems/initializationproblem.jl:203
 [10] ModelingToolkitBase.InitializationProblem{true, AutoDespecialize}(sys::ModelingToolkitBase.System, t::Float64, op::ModelingToolkitBase.AtomicArrayDict{SymbolicUtils.BasicSymbolicImpl.var"typeof(BasicSymbolicImpl)"{SymbolicUtils.SymReal}, Dict{SymbolicUtils.BasicSymbolicImpl.var"typeof(BasicSymbolicImpl)"{SymbolicUtils.SymReal}, SymbolicUtils.BasicSymbolicImpl.var"typeof(BasicSymbolicImpl)"{SymbolicUtils.SymReal}}}, opts::ModelingToolkitBase.SciMLProblemOptions{false}; fast_path::Bool, guesses::Dict{Any, Any}, check_length::Nothing, kwargs::@Kwargs{check_compatibility::Bool, reltol::Float64, saveat::Float64})
    @ ModelingToolkitBase ~/.julia/packages/ModelingToolkitBase/HEVxc/src/problems/initializationproblem.jl:110
 [11] maybe_build_initialization_problem(sys::ModelingToolkitBase.System, iip::Bool, op::ModelingToolkitBase.AtomicArrayDict{SymbolicUtils.BasicSymbolicImpl.var"typeof(BasicSymbolicImpl)"{SymbolicUtils.SymReal}, Dict{SymbolicUtils.BasicSymbolicImpl.var"typeof(BasicSymbolicImpl)"{SymbolicUtils.SymReal}, SymbolicUtils.BasicSymbolicImpl.var"typeof(BasicSymbolicImpl)"{SymbolicUtils.SymReal}}}, t::Float64, guesses::Dict{Any, Any}, opts::ModelingToolkitBase.SciMLProblemOptions{false}; specialize::Type, expression::Type, kwargs::@Kwargs{check_compatibility::Bool, reltol::Float64, saveat::Float64})
    @ ModelingToolkitBase ~/.julia/packages/ModelingToolkitBase/HEVxc/src/systems/problem_utils.jl:1920
 [12] __process_SciMLProblem(constructor::Any, sys::ModelingToolkitBase.System, op::Dict{Any, Any}, opts::ModelingToolkitBase.SciMLProblemOptions{false}; kwargs::@Kwargs{expression::DataType, check_compatibility::Bool, reltol::Float64, saveat::Float64})
    @ ModelingToolkitBase ~/.julia/packages/ModelingToolkitBase/HEVxc/src/systems/problem_utils.jl:2226
 [13] process_SciMLProblem(constructor::Any, sys::ModelingToolkitBase.System, op::Any, opts::ModelingToolkitBase.SciMLProblemOptions{false}; kwargs::@Kwargs{expression::DataType, check_compatibility::Bool, reltol::Float64, saveat::Float64})
    @ ModelingToolkitBase ~/.julia/packages/ModelingToolkitBase/HEVxc/src/systems/problem_utils.jl:2177
 [14] process_SciMLProblem(constructor::Type, sys::ModelingToolkitBase.System, op::Vector{Any}; u0_eltype::Nothing, u0_constructor::Function, p_constructor::Function, symbolic_u0::Bool, build_initializeprob::Bool, implicit_dae::Bool, t::Float64, guesses::Dict{Any, Any}, warn_initialize_determined::Bool, initialization_eqs::Vector{Any}, eval_expression::Bool, eval_module::Module, fully_determined::Nothing, check_initialization_units::Bool, tofloat::Bool, check_length::Bool, warn_cyclic_dependency::Bool, circular_dependency_max_cycle_length::Int64, circular_dependency_max_cycles::Int64, initsys_mtkcompile_kwargs::@NamedTuple{}, substitution_limit::Int64, use_scc::Bool, time_dependent_init::Bool, algebraic_only::Bool, missing_guess_value::ModelingToolkitBase.MissingGuessValue.var"typeof(MissingGuessValue)", allow_incomplete::Bool, is_initializeprob::Bool, is_steadystateprob::Bool, return_operating_point::Bool, compiler_options::ModelingToolkitBase.CompilerOptions, init_compiler_options::ModelingToolkitBase.CompilerOptions, kwargs::@Kwargs{expression::DataType, check_compatibility::Bool, reltol::Float64, saveat::Float64})
    @ ModelingToolkitBase ~/.julia/packages/ModelingToolkitBase/HEVxc/src/systems/problem_utils.jl:2147
 [15] _ode_problem(::Type{ODEProblem{ModelingToolkitBase.Both, AutoDespecialize}}, sys::ModelingToolkitBase.System, op::Any, tspan::Tuple{Float64, Float64}; callback::Any, check_length::Bool, eval_expression::Bool, expression::Type, eval_module::Module, check_compatibility::Bool, _skip_events::Bool, kwargs::@Kwargs{missing_guess_value::ModelingToolkitBase.MissingGuessValue.var"typeof(MissingGuessValue)", reltol::Float64, saveat::Float64})
    @ ModelingToolkitBase ~/.julia/packages/ModelingToolkitBase/HEVxc/src/problems/odeproblem.jl:131
 [16] (ODEProblem{ModelingToolkitBase.Both, AutoDespecialize})(sys::ModelingToolkitBase.System, op::Any, tspan::Tuple{Float64, Float64}; callback::Any, check_length::Bool, eval_expression::Bool, expression::Type, eval_module::Module, check_compatibility::Bool, _skip_events::Bool, kwargs::@Kwargs{missing_guess_value::ModelingToolkitBase.MissingGuessValue.var"typeof(MissingGuessValue)", reltol::Float64, saveat::Float64})
    @ ModelingToolkitBase ~/.julia/packages/ModelingToolkitBase/HEVxc/src/problems/odeproblem.jl:160
 [17] ODEProblem
    @ ~/.julia/packages/ModelingToolkitBase/HEVxc/src/problems/odeproblem.jl:154 [inlined]
 [18] ODEProblem
    @ ./none:-1 [inlined]
 [19] #ODEProblem#829
    @ ./none:-1 [inlined]
 [20] (::BaseModelicaLibraryTesting.var"#run_parse##16#run_parse##17"{@NamedTuple{StartTime::Float64, StopTime::Float64, Tolerance::Float64, Interval::Float64}})()
    @ BaseModelicaLibraryTesting ~/work/BaseModelicaLibraryTesting.jl/BaseModelicaLibraryTesting.jl/src/parse_bm.jl:122
 [21] with_logstate(f::BaseModelicaLibraryTesting.var"#run_parse##16#run_parse##17"{@NamedTuple{StartTime::Float64, StopTime::Float64, Tolerance::Float64, Interval::Float64}}, logstate::Base.CoreLogging.LogState)
    @ Base.CoreLogging ./logging/logging.jl:542
 [22] with_logger
    @ ./logging/logging.jl:653 [inlined]
 [23] (::BaseModelicaLibraryTesting.var"#run_parse##14#run_parse##15"{@NamedTuple{StartTime::Float64, StopTime::Float64, Tolerance::Float64, Interval::Float64}})()
    @ BaseModelicaLibraryTesting ~/work/BaseModelicaLibraryTesting.jl/BaseModelicaLibraryTesting.jl/src/parse_bm.jl:114
 [24] (::Base.RedirectStdStream)(thunk::BaseModelicaLibraryTesting.var"#run_parse##14#run_parse##15"{@NamedTuple{StartTime::Float64, StopTime::Float64, Tolerance::Float64, Interval::Float64}}, stream::Pipe)
    @ Base ./stream.jl:1464
 [25] #run_parse##12
    @ ~/work/BaseModelicaLibraryTesting.jl/BaseModelicaLibraryTesting.jl/src/parse_bm.jl:113 [inlined]
 [26] (::Base.RedirectStdStream)(thunk::BaseModelicaLibraryTesting.var"#run_parse##12#run_parse##13"{Pipe, @NamedTuple{StartTime::Float64, StopTime::Float64, Tolerance::Float64, Interval::Float64}}, stream::Pipe)
    @ Base ./stream.jl:1464
 [27] run_parse(bm_path::String, model_dir::String, model::String)
    @ BaseModelicaLibraryTesting ~/work/BaseModelicaLibraryTesting.jl/BaseModelicaLibraryTesting.jl/src/parse_bm.jl:112
 [28] test_model(omc::OMJulia.OMCSession, model::String, results_root::String, ref_root::String; sim_settings::SimulateSettings, csv_max_size_mb::Int64)
    @ BaseModelicaLibraryTesting ~/work/BaseModelicaLibraryTesting.jl/BaseModelicaLibraryTesting.jl/src/pipeline.jl:82
 [29] test_model
    @ ~/work/BaseModelicaLibraryTesting.jl/BaseModelicaLibraryTesting.jl/src/pipeline.jl:60 [inlined]
 [30] main(; library::String, version::String, filter::String, omc_exe::String, results_root::String, ref_root::String, bm_options::String, sim_settings::SimulateSettings, csv_max_size_mb::Int64)
    @ BaseModelicaLibraryTesting ~/work/BaseModelicaLibraryTesting.jl/BaseModelicaLibraryTesting.jl/src/pipeline.jl:220
 [31] top-level scope
    @ none:7
 [32] eval(m::Module, e::Any)
    @ Core ./boot.jl:489
 [33] exec_options(opts::Base.JLOptions)
    @ Base ./client.jl:283
 [34] _start()
    @ Base ./client.jl:550
