Model:   Modelica.Utilities.Examples.WriteRealMatrixToFile

Time: 0.096 s
Success: false

--- Error ---
UndefVarError: `Rodas5Pr` not defined in `DifferentialEquations`
Suggestion: check for spelling errors or missing imports.
Hint: a global variable of this name also exists in OrdinaryDiffEqRosenbrock.
Stacktrace:
  [1] getproperty
    @ ./Base_compiler.jl:47 [inlined]
  [2] (::BaseModelicaLibraryTesting.var"#52#53"{SimulateSettings, ODEProblem{Nothing, Tuple{Float64, Float64}, true, ModelingToolkitBase.MTKParameters{Vector{Float64}, StaticArraysCore.SVector{0, Float64}, Tuple{}, Tuple{BitVector}, Tuple{}, Tuple{}}, ODEFunction{true, SciMLBase.AutoSpecialize, ModelingToolkitBase.GeneratedFunctionWrapper{(2, 3, true), RuntimeGeneratedFunctions.RuntimeGeneratedFunction{(:___mtkunknowns___, :___mtkparameters___, :__argₛᵧₘ1249670312406203976), ModelingToolkitBase.var"#_RGF_ModTag", ModelingToolkitBase.var"#_RGF_ModTag", (0x504c0c36, 0xe691c908, 0xe2bd8733, 0x87b15aef, 0x4c66e5dc), Nothing}, RuntimeGeneratedFunctions.RuntimeGeneratedFunction{(:__argₛᵧₘ1401282876548370056, :___mtkunknowns___, :___mtkparameters___, :__argₛᵧₘ1249670312406203976), ModelingToolkitBase.var"#_RGF_ModTag", ModelingToolkitBase.var"#_RGF_ModTag", (0xdf2c1b39, 0x6883f26f, 0x3e3fab18, 0xd84562aa, 0xcf3f16fc), Nothing}}, LinearAlgebra.UniformScaling{Bool}, Nothing, Nothing, Nothing, Nothing, Nothing, Nothing, Nothing, Nothing, Nothing, Nothing, Nothing, Nothing, ModelingToolkitBase.ObservedFunctionCache{ModelingToolkitBase.System, Nothing}, Nothing, ModelingToolkitBase.System, Union{Nothing, SciMLBase.OverrideInitData}, Union{Nothing, SciMLBase.ODENLStepData}}, @Kwargs{reltol::Float64}, SciMLBase.StandardODEProblem}, Rodas5P{AutoForwardDiff{nothing, Nothing}, Nothing, typeof(OrdinaryDiffEqCore.trivial_limiter!), typeof(OrdinaryDiffEqCore.trivial_limiter!), Nothing}})()
    @ BaseModelicaLibraryTesting ~/work/BaseModelicaLibraryTesting.jl/BaseModelicaLibraryTesting.jl/src/simulate.jl:91
  [3] with_logstate(f::BaseModelicaLibraryTesting.var"#52#53"{SimulateSettings, ODEProblem{Nothing, Tuple{Float64, Float64}, true, ModelingToolkitBase.MTKParameters{Vector{Float64}, StaticArraysCore.SVector{0, Float64}, Tuple{}, Tuple{BitVector}, Tuple{}, Tuple{}}, ODEFunction{true, SciMLBase.AutoSpecialize, ModelingToolkitBase.GeneratedFunctionWrapper{(2, 3, true), RuntimeGeneratedFunctions.RuntimeGeneratedFunction{(:___mtkunknowns___, :___mtkparameters___, :__argₛᵧₘ1249670312406203976), ModelingToolkitBase.var"#_RGF_ModTag", ModelingToolkitBase.var"#_RGF_ModTag", (0x504c0c36, 0xe691c908, 0xe2bd8733, 0x87b15aef, 0x4c66e5dc), Nothing}, RuntimeGeneratedFunctions.RuntimeGeneratedFunction{(:__argₛᵧₘ1401282876548370056, :___mtkunknowns___, :___mtkparameters___, :__argₛᵧₘ1249670312406203976), ModelingToolkitBase.var"#_RGF_ModTag", ModelingToolkitBase.var"#_RGF_ModTag", (0xdf2c1b39, 0x6883f26f, 0x3e3fab18, 0xd84562aa, 0xcf3f16fc), Nothing}}, LinearAlgebra.UniformScaling{Bool}, Nothing, Nothing, Nothing, Nothing, Nothing, Nothing, Nothing, Nothing, Nothing, Nothing, Nothing, Nothing, ModelingToolkitBase.ObservedFunctionCache{ModelingToolkitBase.System, Nothing}, Nothing, ModelingToolkitBase.System, Union{Nothing, SciMLBase.OverrideInitData}, Union{Nothing, SciMLBase.ODENLStepData}}, @Kwargs{reltol::Float64}, SciMLBase.StandardODEProblem}, Rodas5P{AutoForwardDiff{nothing, Nothing}, Nothing, typeof(OrdinaryDiffEqCore.trivial_limiter!), typeof(OrdinaryDiffEqCore.trivial_limiter!), Nothing}}, logstate::Base.CoreLogging.LogState)
    @ Base.CoreLogging ./logging/logging.jl:542
  [4] with_logger(f::Function, logger::Base.CoreLogging.SimpleLogger)
    @ Base.CoreLogging ./logging/logging.jl:653
  [5] run_simulate(ode_prob::ODEProblem{Nothing, Tuple{Float64, Float64}, true, ModelingToolkitBase.MTKParameters{Vector{Float64}, StaticArraysCore.SVector{0, Float64}, Tuple{}, Tuple{BitVector}, Tuple{}, Tuple{}}, ODEFunction{true, SciMLBase.AutoSpecialize, ModelingToolkitBase.GeneratedFunctionWrapper{(2, 3, true), RuntimeGeneratedFunctions.RuntimeGeneratedFunction{(:___mtkunknowns___, :___mtkparameters___, :__argₛᵧₘ1249670312406203976), ModelingToolkitBase.var"#_RGF_ModTag", ModelingToolkitBase.var"#_RGF_ModTag", (0x504c0c36, 0xe691c908, 0xe2bd8733, 0x87b15aef, 0x4c66e5dc), Nothing}, RuntimeGeneratedFunctions.RuntimeGeneratedFunction{(:__argₛᵧₘ1401282876548370056, :___mtkunknowns___, :___mtkparameters___, :__argₛᵧₘ1249670312406203976), ModelingToolkitBase.var"#_RGF_ModTag", ModelingToolkitBase.var"#_RGF_ModTag", (0xdf2c1b39, 0x6883f26f, 0x3e3fab18, 0xd84562aa, 0xcf3f16fc), Nothing}}, LinearAlgebra.UniformScaling{Bool}, Nothing, Nothing, Nothing, Nothing, Nothing, Nothing, Nothing, Nothing, Nothing, Nothing, Nothing, Nothing, ModelingToolkitBase.ObservedFunctionCache{ModelingToolkitBase.System, Nothing}, Nothing, ModelingToolkitBase.System, Union{Nothing, SciMLBase.OverrideInitData}, Union{Nothing, SciMLBase.ODENLStepData}}, @Kwargs{reltol::Float64}, SciMLBase.StandardODEProblem}, model_dir::String, model::String; settings::SimulateSettings, cmp_signals::Vector{String}, csv_max_size_mb::Int64)
    @ BaseModelicaLibraryTesting ~/work/BaseModelicaLibraryTesting.jl/BaseModelicaLibraryTesting.jl/src/simulate.jl:80
  [6] test_model(omc::OMJulia.OMCSession, model::String, results_root::String, ref_root::String; sim_settings::SimulateSettings, csv_max_size_mb::Int64)
    @ BaseModelicaLibraryTesting ~/work/BaseModelicaLibraryTesting.jl/BaseModelicaLibraryTesting.jl/src/pipeline.jl:107
  [7] test_model
    @ ~/work/BaseModelicaLibraryTesting.jl/BaseModelicaLibraryTesting.jl/src/pipeline.jl:60 [inlined]
  [8] main(; library::String, version::String, filter::String, omc_exe::String, results_root::String, ref_root::String, bm_options::String, sim_settings::SimulateSettings, csv_max_size_mb::Int64)
    @ BaseModelicaLibraryTesting ~/work/BaseModelicaLibraryTesting.jl/BaseModelicaLibraryTesting.jl/src/pipeline.jl:220
  [9] top-level scope
    @ none:7
 [10] eval(m::Module, e::Any)
    @ Core ./boot.jl:489
 [11] exec_options(opts::Base.JLOptions)
    @ Base ./client.jl:283
 [12] _start()
    @ Base ./client.jl:550
