Model:  Modelica.Electrical.Analog.Examples.OpAmps.InvertingSchmittTrigger
┌ Warning: The initialization system is structurally singular. Guess values may significantly affect the initial values of the ODE. The problematic variables are SymbolicUtils.BasicSymbolicImpl.var"typeof(BasicSymbolicImpl)"{SymbolicUtils.SymReal}[var"r1.i"(t)].
│ 
│ Note that the identification of problematic variables is a best-effort heuristic.
└ @ ModelingToolkitBase /home/runner/.julia/packages/ModelingToolkitBase/0QXZD/src/problems/initializationproblem.jl:115
┌ Warning: Initialization system is underdetermined. 1 equations for 2 unknowns. Initialization will default to using least squares. `SCCNonlinearProblem` can only be used for initialization of fully determined systems and hence will not be used here.
│ 
│ 
│ Call `analyze_initialization_jacobian(prob)` on the constructed problem to see which unknowns are underdetermined (and which equations, if any, are redundant).
│ 
│ To suppress this warning, pass `warn_initialize_determined = false`. To turn this warning into an error, pass `fully_determined = true`.
└ @ ModelingToolkit /home/runner/.julia/packages/ModelingToolkit/4nWbx/src/initialization.jl:25
Time:    0.141 s
Success: false

--- Error ---
ArgumentError: Symbol var"vIn.signalSource.count"(t) is not present in the system.
Stacktrace:
  [1] (::ModelingToolkitBase.CheckInvalidAndTrackNamespaced)(x::SymbolicUtils.BasicSymbolicImpl.var"typeof(BasicSymbolicImpl)"{SymbolicUtils.SymReal})
    @ ModelingToolkitBase ~/.julia/packages/ModelingToolkitBase/0QXZD/src/systems/codegen.jl:1220
  [2] _query(predicate::ModelingToolkitBase.CheckInvalidAndTrackNamespaced, expr::SymbolicUtils.BasicSymbolicImpl.var"typeof(BasicSymbolicImpl)"{SymbolicUtils.SymReal}, recurse::typeof(TermInterface.iscall), default::Bool, _seen::IdSet{SymbolicUtils.BasicSymbolicImpl.var"typeof(BasicSymbolicImpl)"{SymbolicUtils.SymReal}})
    @ SymbolicUtils ~/.julia/packages/SymbolicUtils/Hzfq3/src/substitute.jl:308
  [3] _query(predicate::ModelingToolkitBase.CheckInvalidAndTrackNamespaced, expr::SymbolicUtils.BasicSymbolicImpl.var"typeof(BasicSymbolicImpl)"{SymbolicUtils.SymReal}, recurse::typeof(TermInterface.iscall), default::Bool, _seen::Nothing)
    @ SymbolicUtils ~/.julia/packages/SymbolicUtils/Hzfq3/src/substitute.jl:325
  [4] #query#454
    @ ~/.julia/packages/SymbolicUtils/Hzfq3/src/substitute.jl:302 [inlined]
  [5] query(predicate::ModelingToolkitBase.CheckInvalidAndTrackNamespaced, expr::SymbolicUtils.BasicSymbolicImpl.var"typeof(BasicSymbolicImpl)"{SymbolicUtils.SymReal})
    @ SymbolicUtils ~/.julia/packages/SymbolicUtils/Hzfq3/src/substitute.jl:301
  [6] build_explicit_observed_function(sys::ModelingToolkitBase.System, ts::Any, opts::ModelingToolkitBase.GeneratedFunctionOptions{false, false}; inputs::Nothing, disturbance_inputs::Nothing, known_disturbance_inputs::Nothing, disturbance_argument::Bool, output_type::Type, ps::Vector{SymbolicUtils.BasicSymbolicImpl.var"typeof(BasicSymbolicImpl)"{SymbolicUtils.SymReal}}, return_inplace::Val{false}, param_only::Bool, throw::Bool, wrap_delays::Bool, force_time_independent::Bool)
    @ ModelingToolkitBase ~/.julia/packages/ModelingToolkitBase/0QXZD/src/systems/codegen.jl:1385
  [7] build_explicit_observed_function(sys::ModelingToolkitBase.System, ts::Any; inputs::Nothing, disturbance_inputs::Nothing, known_disturbance_inputs::Nothing, disturbance_argument::Bool, expression::Bool, eval_expression::Bool, eval_module::Module, output_type::Type, checkbounds::Bool, ps::Vector{SymbolicUtils.BasicSymbolicImpl.var"typeof(BasicSymbolicImpl)"{SymbolicUtils.SymReal}}, return_inplace::Val{false}, param_only::Bool, throw::Bool, wrap_delays::Bool, force_time_independent::Bool, compiler_options::ModelingToolkitBase.CompilerOptions, kwargs::@Kwargs{initsys_mtkcompile_kwargs::@NamedTuple{}, warn_initialize_determined::Bool, fully_determined::Nothing, warn_cyclic_dependency::Bool, check_units::Bool, circular_dependency_max_cycle_length::Int64, circular_dependency_max_cycles::Int64, algebraic_only::Bool, allow_incomplete::Bool, check_compatibility::Bool, reltol::Float64, saveat::Float64})
    @ ModelingToolkitBase ~/.julia/packages/ModelingToolkitBase/0QXZD/src/systems/codegen_compat.jl:310
  [8] concrete_getu(indp::Any, syms::Any; wrap_as_any::Any, eval_expression::Any, eval_module::Any, force_time_independent::Any, kwargs...)
    @ ModelingToolkitBase ~/.julia/packages/ModelingToolkitBase/0QXZD/src/systems/problem_utils.jl:722
  [9] concrete_getu
    @ ~/.julia/packages/ModelingToolkitBase/0QXZD/src/systems/problem_utils.jl:717 [inlined]
 [10] (::ModelingToolkitBase.var"#750#751"{@Kwargs{eval_expression::Bool, eval_module::Module, initsys_mtkcompile_kwargs::@NamedTuple{}, warn_initialize_determined::Bool, fully_determined::Nothing, warn_cyclic_dependency::Bool, check_units::Bool, circular_dependency_max_cycle_length::Int64, circular_dependency_max_cycles::Int64, algebraic_only::Bool, allow_incomplete::Bool, compiler_options::ModelingToolkitBase.CompilerOptions, check_compatibility::Bool, reltol::Float64, saveat::Float64}, ModelingToolkitBase.System, Vector{SymbolicUtils.BasicSymbolicImpl.var"typeof(BasicSymbolicImpl)"{SymbolicUtils.SymReal}}})()
    @ ModelingToolkitBase ~/.julia/packages/ModelingToolkitBase/0QXZD/src/systems/problem_utils.jl:930
 [11] get!(default::ModelingToolkitBase.var"#750#751"{@Kwargs{eval_expression::Bool, eval_module::Module, initsys_mtkcompile_kwargs::@NamedTuple{}, warn_initialize_determined::Bool, fully_determined::Nothing, warn_cyclic_dependency::Bool, check_units::Bool, circular_dependency_max_cycle_length::Int64, circular_dependency_max_cycles::Int64, algebraic_only::Bool, allow_incomplete::Bool, compiler_options::ModelingToolkitBase.CompilerOptions, check_compatibility::Bool, reltol::Float64, saveat::Float64}, ModelingToolkitBase.System, Vector{SymbolicUtils.BasicSymbolicImpl.var"typeof(BasicSymbolicImpl)"{SymbolicUtils.SymReal}}}, h::Dict{Vector{SymbolicUtils.BasicSymbolicImpl.var"typeof(BasicSymbolicImpl)"{SymbolicUtils.SymReal}}, Any}, key::Vector{SymbolicUtils.BasicSymbolicImpl.var"typeof(BasicSymbolicImpl)"{SymbolicUtils.SymReal}})
    @ Base ./dict.jl:458
 [12] cached_template_getu(srcsys::ModelingToolkitBase.System, batch::Vector{SymbolicUtils.BasicSymbolicImpl.var"typeof(BasicSymbolicImpl)"{SymbolicUtils.SymReal}}; kws::@Kwargs{eval_expression::Bool, eval_module::Module, initsys_mtkcompile_kwargs::@NamedTuple{}, warn_initialize_determined::Bool, fully_determined::Nothing, warn_cyclic_dependency::Bool, check_units::Bool, circular_dependency_max_cycle_length::Int64, circular_dependency_max_cycles::Int64, algebraic_only::Bool, allow_incomplete::Bool, compiler_options::ModelingToolkitBase.CompilerOptions, check_compatibility::Bool, reltol::Float64, saveat::Float64})
    @ ModelingToolkitBase ~/.julia/packages/ModelingToolkitBase/0QXZD/src/systems/problem_utils.jl:929
 [13] cached_template_getu
    @ ~/.julia/packages/ModelingToolkitBase/0QXZD/src/systems/problem_utils.jl:920 [inlined]
 [14] ModelingToolkitBase.CopyParamsByTemplate(srcsys::ModelingToolkitBase.System, syms::Vector{SymbolicUtils.BasicSymbolicImpl.var"typeof(BasicSymbolicImpl)"{SymbolicUtils.SymReal}}; kws::@Kwargs{eval_expression::Bool, eval_module::Module, initsys_mtkcompile_kwargs::@NamedTuple{}, warn_initialize_determined::Bool, fully_determined::Nothing, warn_cyclic_dependency::Bool, check_units::Bool, circular_dependency_max_cycle_length::Int64, circular_dependency_max_cycles::Int64, algebraic_only::Bool, allow_incomplete::Bool, compiler_options::ModelingToolkitBase.CompilerOptions, check_compatibility::Bool, reltol::Float64, saveat::Float64})
    @ ModelingToolkitBase ~/.julia/packages/ModelingToolkitBase/0QXZD/src/systems/problem_utils.jl:1043
 [15] CopyParamsByTemplate
    @ ~/.julia/packages/ModelingToolkitBase/0QXZD/src/systems/problem_utils.jl:934 [inlined]
 [16] ModelingToolkitBase.CopyParamsByTemplate(srcsys::ModelingToolkitBase.System, syms::Vector{Vector{SymbolicUtils.BasicSymbolicImpl.var"typeof(BasicSymbolicImpl)"{SymbolicUtils.SymReal}}}; kws::@Kwargs{eval_expression::Bool, eval_module::Module, initsys_mtkcompile_kwargs::@NamedTuple{}, warn_initialize_determined::Bool, fully_determined::Nothing, warn_cyclic_dependency::Bool, check_units::Bool, circular_dependency_max_cycle_length::Int64, circular_dependency_max_cycles::Int64, algebraic_only::Bool, allow_incomplete::Bool, compiler_options::ModelingToolkitBase.CompilerOptions, check_compatibility::Bool, reltol::Float64, saveat::Float64})
    @ ModelingToolkitBase ~/.julia/packages/ModelingToolkitBase/0QXZD/src/systems/problem_utils.jl:1084
 [17] ModelingToolkitBase.MTKParametersReconstructor(srcsys::ModelingToolkitBase.System, dstsys::ModelingToolkitBase.System; initials::Bool, unwrap_initials::Bool, p_constructor::typeof(identity), force_time_independent::Bool, kwargs::@Kwargs{eval_expression::Bool, eval_module::Module, initsys_mtkcompile_kwargs::@NamedTuple{}, warn_initialize_determined::Bool, fully_determined::Nothing, warn_cyclic_dependency::Bool, check_units::Bool, circular_dependency_max_cycle_length::Int64, circular_dependency_max_cycles::Int64, algebraic_only::Bool, allow_incomplete::Bool, compiler_options::ModelingToolkitBase.CompilerOptions, check_compatibility::Bool, reltol::Float64, saveat::Float64})
    @ ModelingToolkitBase ~/.julia/packages/ModelingToolkitBase/0QXZD/src/systems/problem_utils.jl:1197
 [18] construct_initializeprobpmap(sys::ModelingToolkitBase.System, initsys::ModelingToolkitBase.System; p_constructor::Function, eval_expression::Bool, eval_module::Module, kwargs::@Kwargs{initsys_mtkcompile_kwargs::@NamedTuple{}, warn_initialize_determined::Bool, fully_determined::Nothing, warn_cyclic_dependency::Bool, check_units::Bool, circular_dependency_max_cycle_length::Int64, circular_dependency_max_cycles::Int64, algebraic_only::Bool, allow_incomplete::Bool, compiler_options::ModelingToolkitBase.CompilerOptions, check_compatibility::Bool, reltol::Float64, saveat::Float64})
    @ ModelingToolkitBase ~/.julia/packages/ModelingToolkitBase/0QXZD/src/systems/problem_utils.jl:1340
 [19] maybe_build_initialization_problem(sys::ModelingToolkitBase.System, iip::Bool, op::ModelingToolkitBase.AtomicArrayDict{SymbolicUtils.BasicSymbolicImpl.var"typeof(BasicSymbolicImpl)"{SymbolicUtils.SymReal}, Dict{SymbolicUtils.BasicSymbolicImpl.var"typeof(BasicSymbolicImpl)"{SymbolicUtils.SymReal}, SymbolicUtils.BasicSymbolicImpl.var"typeof(BasicSymbolicImpl)"{SymbolicUtils.SymReal}}}, t::Float64, guesses::Dict{Any, Any}; time_dependent_init::Bool, u0_constructor::Function, p_constructor::Function, floatT::Type, initialization_eqs::Vector{Any}, use_scc::Bool, eval_expression::Bool, eval_module::Module, missing_guess_value::ModelingToolkitBase.MissingGuessValue.var"typeof(MissingGuessValue)", implicit_dae::Bool, is_steadystateprob::Bool, expression::Type, kwargs::@Kwargs{initsys_mtkcompile_kwargs::@NamedTuple{}, warn_initialize_determined::Bool, fully_determined::Nothing, warn_cyclic_dependency::Bool, check_units::Bool, circular_dependency_max_cycle_length::Int64, circular_dependency_max_cycles::Int64, algebraic_only::Bool, allow_incomplete::Bool, compiler_options::ModelingToolkitBase.CompilerOptions, check_compatibility::Bool, reltol::Float64, saveat::Float64})
    @ ModelingToolkitBase ~/.julia/packages/ModelingToolkitBase/0QXZD/src/systems/problem_utils.jl:1701
 [20] __process_SciMLProblem(constructor::Type, sys::ModelingToolkitBase.System, op::Dict{Any, Any}; floatT::Type, u0Type::Type, u0_eltype::Type, build_initializeprob::Bool, implicit_dae::Bool, t::Float64, guesses::Dict{Any, Any}, warn_initialize_determined::Bool, initialization_eqs::Vector{Any}, eval_expression::Bool, eval_module::Module, fully_determined::Nothing, check_initialization_units::Bool, tofloat::Bool, u0_constructor::typeof(identity), p_constructor::typeof(identity), check_length::Bool, symbolic_u0::Bool, warn_cyclic_dependency::Bool, circular_dependency_max_cycle_length::Int64, circular_dependency_max_cycles::Int64, initsys_mtkcompile_kwargs::@NamedTuple{}, substitution_limit::Int64, use_scc::Bool, time_dependent_init::Bool, algebraic_only::Bool, missing_guess_value::ModelingToolkitBase.MissingGuessValue.var"typeof(MissingGuessValue)", allow_incomplete::Bool, is_initializeprob::Bool, is_steadystateprob::Bool, return_operating_point::Bool, compiler_options::ModelingToolkitBase.CompilerOptions, init_compiler_options::ModelingToolkitBase.CompilerOptions, kwargs::@Kwargs{expression::DataType, check_compatibility::Bool, reltol::Float64, saveat::Float64})
    @ ModelingToolkitBase ~/.julia/packages/ModelingToolkitBase/0QXZD/src/systems/problem_utils.jl:2016
 [21] process_SciMLProblem(constructor::Any, sys::ModelingToolkitBase.System, op::Any; u0_eltype::Nothing, u0_constructor::Function, p_constructor::Function, symbolic_u0::Bool, kwargs::@Kwargs{t::Float64, check_length::Bool, eval_expression::Bool, eval_module::Module, expression::DataType, check_compatibility::Bool, missing_guess_value::ModelingToolkitBase.MissingGuessValue.var"typeof(MissingGuessValue)", reltol::Float64, saveat::Float64})
    @ ModelingToolkitBase ~/.julia/packages/ModelingToolkitBase/0QXZD/src/systems/problem_utils.jl:1965
 [22] (ODEProblem{ModelingToolkitBase.Both, SciMLBase.AutoSpecialize})(sys::ModelingToolkitBase.System, op::Any, tspan::Tuple{Float64, Float64}; callback::Any, check_length::Bool, eval_expression::Bool, expression::Type, eval_module::Module, check_compatibility::Bool, _skip_events::Bool, kwargs::@Kwargs{missing_guess_value::ModelingToolkitBase.MissingGuessValue.var"typeof(MissingGuessValue)", reltol::Float64, saveat::Float64})
    @ ModelingToolkitBase ~/.julia/packages/ModelingToolkitBase/0QXZD/src/problems/odeproblem.jl:130
 [23] ODEProblem
    @ ~/.julia/packages/ModelingToolkitBase/0QXZD/src/problems/odeproblem.jl:119 [inlined]
 [24] ODEProblem
    @ ./none:-1 [inlined]
 [25] #ODEProblem#821
    @ ./none:-1 [inlined]
 [26] (::BaseModelicaLibraryTesting.var"#run_parse##16#run_parse##17"{@NamedTuple{StartTime::Float64, StopTime::Float64, Tolerance::Float64, Interval::Float64}})()
    @ BaseModelicaLibraryTesting ~/work/BaseModelicaLibraryTesting.jl/BaseModelicaLibraryTesting.jl/src/parse_bm.jl:122
 [27] with_logstate(f::BaseModelicaLibraryTesting.var"#run_parse##16#run_parse##17"{@NamedTuple{StartTime::Float64, StopTime::Float64, Tolerance::Float64, Interval::Float64}}, logstate::Base.CoreLogging.LogState)
    @ Base.CoreLogging ./logging/logging.jl:542
 [28] with_logger
    @ ./logging/logging.jl:653 [inlined]
 [29] (::BaseModelicaLibraryTesting.var"#run_parse##14#run_parse##15"{@NamedTuple{StartTime::Float64, StopTime::Float64, Tolerance::Float64, Interval::Float64}})()
    @ BaseModelicaLibraryTesting ~/work/BaseModelicaLibraryTesting.jl/BaseModelicaLibraryTesting.jl/src/parse_bm.jl:114
 [30] (::Base.RedirectStdStream)(thunk::BaseModelicaLibraryTesting.var"#run_parse##14#run_parse##15"{@NamedTuple{StartTime::Float64, StopTime::Float64, Tolerance::Float64, Interval::Float64}}, stream::Pipe)
    @ Base ./stream.jl:1464
 [31] #run_parse##12
    @ ~/work/BaseModelicaLibraryTesting.jl/BaseModelicaLibraryTesting.jl/src/parse_bm.jl:113 [inlined]
 [32] (::Base.RedirectStdStream)(thunk::BaseModelicaLibraryTesting.var"#run_parse##12#run_parse##13"{Pipe, @NamedTuple{StartTime::Float64, StopTime::Float64, Tolerance::Float64, Interval::Float64}}, stream::Pipe)
    @ Base ./stream.jl:1464
 [33] run_parse(bm_path::String, model_dir::String, model::String)
    @ BaseModelicaLibraryTesting ~/work/BaseModelicaLibraryTesting.jl/BaseModelicaLibraryTesting.jl/src/parse_bm.jl:112
 [34] test_model(omc::OMJulia.OMCSession, model::String, results_root::String, ref_root::String; sim_settings::SimulateSettings, csv_max_size_mb::Int64)
    @ BaseModelicaLibraryTesting ~/work/BaseModelicaLibraryTesting.jl/BaseModelicaLibraryTesting.jl/src/pipeline.jl:82
 [35] test_model
    @ ~/work/BaseModelicaLibraryTesting.jl/BaseModelicaLibraryTesting.jl/src/pipeline.jl:60 [inlined]
 [36] main(; library::String, version::String, filter::String, omc_exe::String, results_root::String, ref_root::String, bm_options::String, sim_settings::SimulateSettings, csv_max_size_mb::Int64)
    @ BaseModelicaLibraryTesting ~/work/BaseModelicaLibraryTesting.jl/BaseModelicaLibraryTesting.jl/src/pipeline.jl:220
 [37] top-level scope
    @ none:7
 [38] eval(m::Module, e::Any)
    @ Core ./boot.jl:489
 [39] exec_options(opts::Base.JLOptions)
    @ Base ./client.jl:283
 [40] _start()
    @ Base ./client.jl:550
