Model:   Modelica.Blocks.Examples.BusUsage

Time: 0.091 s
Success: false

--- Error ---
UndefVarError: `Rodas5Pr` not defined in `DifferentialEquations`
Suggestion: check for spelling errors or missing imports.
Hint: a global variable of this name also exists in OrdinaryDiffEqRosenbrock.
Stacktrace:
  [1] getproperty
    @ ./Base_compiler.jl:47 [inlined]
  [2] (::BaseModelicaLibraryTesting.var"#52#53"{SimulateSettings, ODEProblem{Nothing, Tuple{Float64, Float64}, true, ModelingToolkitBase.MTKParameters{Vector{Float64}, Vector{Float64}, Tuple{BlockArrays.BlockedVector{Bool, BitVector, Tuple{BlockArrays.BlockedOneTo{Int64, Vector{Int64}}}}}, Tuple{Vector{Int64}, BitVector}, Tuple{}, Tuple{}}, ODEFunction{true, SciMLBase.AutoSpecialize, ModelingToolkitBase.GeneratedFunctionWrapper{(2, 3, true), RuntimeGeneratedFunctions.RuntimeGeneratedFunction{(:___mtkunknowns___, :___mtkparameters___, :__argₛᵧₘ1249670312406203976), ModelingToolkitBase.var"#_RGF_ModTag", ModelingToolkitBase.var"#_RGF_ModTag", (0x40e61b2b, 0x14228b7f, 0x817b05f1, 0xe1ed500f, 0xa8711bad), Nothing}, RuntimeGeneratedFunctions.RuntimeGeneratedFunction{(:__argₛᵧₘ1401282876548370056, :___mtkunknowns___, :___mtkparameters___, :__argₛᵧₘ1249670312406203976), ModelingToolkitBase.var"#_RGF_ModTag", ModelingToolkitBase.var"#_RGF_ModTag", (0xebf95c78, 0xb926b98c, 0xcaffd5d0, 0x6674e4d1, 0xd9ded495), Nothing}}, LinearAlgebra.UniformScaling{Bool}, Nothing, Nothing, Nothing, Nothing, Nothing, Nothing, Nothing, Nothing, Nothing, Nothing, Nothing, Nothing, ModelingToolkitBase.ObservedFunctionCache{ModelingToolkitBase.System, Nothing}, Nothing, ModelingToolkitBase.System, Union{Nothing, SciMLBase.OverrideInitData}, Union{Nothing, SciMLBase.ODENLStepData}}, @Kwargs{callback::VectorContinuousCallback{ModelingToolkitBase.CompiledCondition{false, ModelingToolkitBase.GeneratedFunctionWrapper{(2, 3, true), RuntimeGeneratedFunctions.RuntimeGeneratedFunction{(:___mtkunknowns___, :___mtkparameters___, :__argₛᵧₘ1249670312406203976), ModelingToolkitBase.var"#_RGF_ModTag", ModelingToolkitBase.var"#_RGF_ModTag", (0xc2effb5a, 0x25fd31ac, 0x46610651, 0x69a4188f, 0xdd761230), Nothing}, RuntimeGeneratedFunctions.RuntimeGeneratedFunction{(:__argₛᵧₘ1401282876548370056, :___mtkunknowns___, :___mtkparameters___, :__argₛᵧₘ1249670312406203976), ModelingToolkitBase.var"#_RGF_ModTag", ModelingToolkitBase.var"#_RGF_ModTag", (0x908b4434, 0x7f9aa72a, 0xcb379fb7, 0x174d1ce2, 0x2edf22c0), Nothing}}}, ModelingToolkitBase.VectorAffect{Vector{Int64}, Vector{Any}, Vector{Any}}, typeof(SciMLBase.INITIALIZE_DEFAULT), typeof(SciMLBase.FINALIZE_DEFAULT), Float64, Int64, Rational{Int64}, DiffEqBase.BrownFullBasicInit{Float64, Nothing}, Nothing, Int64, Vector{Vector{Int64}}}, reltol::Float64}, SciMLBase.StandardODEProblem}, Rodas5P{AutoForwardDiff{nothing, Nothing}, Nothing, typeof(OrdinaryDiffEqCore.trivial_limiter!), typeof(OrdinaryDiffEqCore.trivial_limiter!), Nothing}})()
    @ BaseModelicaLibraryTesting ~/work/BaseModelicaLibraryTesting.jl/BaseModelicaLibraryTesting.jl/src/simulate.jl:91
  [3] with_logstate(f::BaseModelicaLibraryTesting.var"#52#53"{SimulateSettings, ODEProblem{Nothing, Tuple{Float64, Float64}, true, ModelingToolkitBase.MTKParameters{Vector{Float64}, Vector{Float64}, Tuple{BlockArrays.BlockedVector{Bool, BitVector, Tuple{BlockArrays.BlockedOneTo{Int64, Vector{Int64}}}}}, Tuple{Vector{Int64}, BitVector}, Tuple{}, Tuple{}}, ODEFunction{true, SciMLBase.AutoSpecialize, ModelingToolkitBase.GeneratedFunctionWrapper{(2, 3, true), RuntimeGeneratedFunctions.RuntimeGeneratedFunction{(:___mtkunknowns___, :___mtkparameters___, :__argₛᵧₘ1249670312406203976), ModelingToolkitBase.var"#_RGF_ModTag", ModelingToolkitBase.var"#_RGF_ModTag", (0x40e61b2b, 0x14228b7f, 0x817b05f1, 0xe1ed500f, 0xa8711bad), Nothing}, RuntimeGeneratedFunctions.RuntimeGeneratedFunction{(:__argₛᵧₘ1401282876548370056, :___mtkunknowns___, :___mtkparameters___, :__argₛᵧₘ1249670312406203976), ModelingToolkitBase.var"#_RGF_ModTag", ModelingToolkitBase.var"#_RGF_ModTag", (0xebf95c78, 0xb926b98c, 0xcaffd5d0, 0x6674e4d1, 0xd9ded495), Nothing}}, LinearAlgebra.UniformScaling{Bool}, Nothing, Nothing, Nothing, Nothing, Nothing, Nothing, Nothing, Nothing, Nothing, Nothing, Nothing, Nothing, ModelingToolkitBase.ObservedFunctionCache{ModelingToolkitBase.System, Nothing}, Nothing, ModelingToolkitBase.System, Union{Nothing, SciMLBase.OverrideInitData}, Union{Nothing, SciMLBase.ODENLStepData}}, @Kwargs{callback::VectorContinuousCallback{ModelingToolkitBase.CompiledCondition{false, ModelingToolkitBase.GeneratedFunctionWrapper{(2, 3, true), RuntimeGeneratedFunctions.RuntimeGeneratedFunction{(:___mtkunknowns___, :___mtkparameters___, :__argₛᵧₘ1249670312406203976), ModelingToolkitBase.var"#_RGF_ModTag", ModelingToolkitBase.var"#_RGF_ModTag", (0xc2effb5a, 0x25fd31ac, 0x46610651, 0x69a4188f, 0xdd761230), Nothing}, RuntimeGeneratedFunctions.RuntimeGeneratedFunction{(:__argₛᵧₘ1401282876548370056, :___mtkunknowns___, :___mtkparameters___, :__argₛᵧₘ1249670312406203976), ModelingToolkitBase.var"#_RGF_ModTag", ModelingToolkitBase.var"#_RGF_ModTag", (0x908b4434, 0x7f9aa72a, 0xcb379fb7, 0x174d1ce2, 0x2edf22c0), Nothing}}}, ModelingToolkitBase.VectorAffect{Vector{Int64}, Vector{Any}, Vector{Any}}, typeof(SciMLBase.INITIALIZE_DEFAULT), typeof(SciMLBase.FINALIZE_DEFAULT), Float64, Int64, Rational{Int64}, DiffEqBase.BrownFullBasicInit{Float64, Nothing}, Nothing, Int64, Vector{Vector{Int64}}}, reltol::Float64}, SciMLBase.StandardODEProblem}, Rodas5P{AutoForwardDiff{nothing, Nothing}, Nothing, typeof(OrdinaryDiffEqCore.trivial_limiter!), typeof(OrdinaryDiffEqCore.trivial_limiter!), Nothing}}, logstate::Base.CoreLogging.LogState)
    @ Base.CoreLogging ./logging/logging.jl:542
  [4] with_logger(f::Function, logger::Base.CoreLogging.SimpleLogger)
    @ Base.CoreLogging ./logging/logging.jl:653
  [5] run_simulate(ode_prob::ODEProblem{Nothing, Tuple{Float64, Float64}, true, ModelingToolkitBase.MTKParameters{Vector{Float64}, Vector{Float64}, Tuple{BlockArrays.BlockedVector{Bool, BitVector, Tuple{BlockArrays.BlockedOneTo{Int64, Vector{Int64}}}}}, Tuple{Vector{Int64}, BitVector}, Tuple{}, Tuple{}}, ODEFunction{true, SciMLBase.AutoSpecialize, ModelingToolkitBase.GeneratedFunctionWrapper{(2, 3, true), RuntimeGeneratedFunctions.RuntimeGeneratedFunction{(:___mtkunknowns___, :___mtkparameters___, :__argₛᵧₘ1249670312406203976), ModelingToolkitBase.var"#_RGF_ModTag", ModelingToolkitBase.var"#_RGF_ModTag", (0x40e61b2b, 0x14228b7f, 0x817b05f1, 0xe1ed500f, 0xa8711bad), Nothing}, RuntimeGeneratedFunctions.RuntimeGeneratedFunction{(:__argₛᵧₘ1401282876548370056, :___mtkunknowns___, :___mtkparameters___, :__argₛᵧₘ1249670312406203976), ModelingToolkitBase.var"#_RGF_ModTag", ModelingToolkitBase.var"#_RGF_ModTag", (0xebf95c78, 0xb926b98c, 0xcaffd5d0, 0x6674e4d1, 0xd9ded495), Nothing}}, LinearAlgebra.UniformScaling{Bool}, Nothing, Nothing, Nothing, Nothing, Nothing, Nothing, Nothing, Nothing, Nothing, Nothing, Nothing, Nothing, ModelingToolkitBase.ObservedFunctionCache{ModelingToolkitBase.System, Nothing}, Nothing, ModelingToolkitBase.System, Union{Nothing, SciMLBase.OverrideInitData}, Union{Nothing, SciMLBase.ODENLStepData}}, @Kwargs{callback::VectorContinuousCallback{ModelingToolkitBase.CompiledCondition{false, ModelingToolkitBase.GeneratedFunctionWrapper{(2, 3, true), RuntimeGeneratedFunctions.RuntimeGeneratedFunction{(:___mtkunknowns___, :___mtkparameters___, :__argₛᵧₘ1249670312406203976), ModelingToolkitBase.var"#_RGF_ModTag", ModelingToolkitBase.var"#_RGF_ModTag", (0xc2effb5a, 0x25fd31ac, 0x46610651, 0x69a4188f, 0xdd761230), Nothing}, RuntimeGeneratedFunctions.RuntimeGeneratedFunction{(:__argₛᵧₘ1401282876548370056, :___mtkunknowns___, :___mtkparameters___, :__argₛᵧₘ1249670312406203976), ModelingToolkitBase.var"#_RGF_ModTag", ModelingToolkitBase.var"#_RGF_ModTag", (0x908b4434, 0x7f9aa72a, 0xcb379fb7, 0x174d1ce2, 0x2edf22c0), Nothing}}}, ModelingToolkitBase.VectorAffect{Vector{Int64}, Vector{Any}, Vector{Any}}, typeof(SciMLBase.INITIALIZE_DEFAULT), typeof(SciMLBase.FINALIZE_DEFAULT), Float64, Int64, Rational{Int64}, DiffEqBase.BrownFullBasicInit{Float64, Nothing}, Nothing, Int64, Vector{Vector{Int64}}}, reltol::Float64}, SciMLBase.StandardODEProblem}, model_dir::String, model::String; settings::SimulateSettings, cmp_signals::Vector{String}, csv_max_size_mb::Int64)
    @ BaseModelicaLibraryTesting ~/work/BaseModelicaLibraryTesting.jl/BaseModelicaLibraryTesting.jl/src/simulate.jl:80
  [6] test_model(omc::OMJulia.OMCSession, model::String, results_root::String, ref_root::String; sim_settings::SimulateSettings, csv_max_size_mb::Int64)
    @ BaseModelicaLibraryTesting ~/work/BaseModelicaLibraryTesting.jl/BaseModelicaLibraryTesting.jl/src/pipeline.jl:107
  [7] test_model
    @ ~/work/BaseModelicaLibraryTesting.jl/BaseModelicaLibraryTesting.jl/src/pipeline.jl:60 [inlined]
  [8] main(; library::String, version::String, filter::String, omc_exe::String, results_root::String, ref_root::String, bm_options::String, sim_settings::SimulateSettings, csv_max_size_mb::Int64)
    @ BaseModelicaLibraryTesting ~/work/BaseModelicaLibraryTesting.jl/BaseModelicaLibraryTesting.jl/src/pipeline.jl:220
  [9] top-level scope
    @ none:7
 [10] eval(m::Module, e::Any)
    @ Core ./boot.jl:489
 [11] exec_options(opts::Base.JLOptions)
    @ Base ./client.jl:283
 [12] _start()
    @ Base ./client.jl:550
