Model:  Modelica.Electrical.Analog.Examples.DifferenceAmplifier
Time:    0.082 s
Success: false

--- Error ---
DomainError with -1.25:
Exponentiation yielding a complex result requires a complex argument.
Replace x^y with (x+0im)^y, Complex(x)^y, or similar.
Stacktrace:
  [1] throw_exp_domainerror(x::Float64)
    @ Base.Math ./math.jl:41
  [2] ^(x::Float64, y::Float64)
    @ Base.Math ./math.jl:1155
  [3] #__get_expression_sort_key!##0
    @ ~/.julia/packages/ModelingToolkitTearing/2p2Cp/src/tearingstate.jl:549 [inlined]
  [4] iterate
    @ ./generator.jl:48 [inlined]
  [5] _collect(c::Vector{Tuple{Int64, Float64, Float64}}, itr::Base.Generator{Vector{Tuple{Int64, Float64, Float64}}, ModelingToolkitTearing.var"#__get_expression_sort_key!##0#__get_expression_sort_key!##1"{Float64}}, ::Base.EltypeUnknown, isz::Base.HasShape{1})
    @ Base ./array.jl:810
  [6] collect_similar(cont::Vector{Tuple{Int64, Float64, Float64}}, itr::Base.Generator{Vector{Tuple{Int64, Float64, Float64}}, ModelingToolkitTearing.var"#__get_expression_sort_key!##0#__get_expression_sort_key!##1"{Float64}})
    @ Base ./array.jl:732
  [7] map(f::Function, A::Vector{Tuple{Int64, Float64, Float64}})
    @ Base ./abstractarray.jl:3372
  [8] __get_expression_sort_key!(cache::IdDict{SymbolicUtils.BasicSymbolicImpl.var"typeof(BasicSymbolicImpl)"{SymbolicUtils.SymReal}, Vector{Tuple{Int64, Float64, Float64}}}, expr::SymbolicUtils.BasicSymbolicImpl.var"typeof(BasicSymbolicImpl)"{SymbolicUtils.SymReal}, var2idx::Dict{SymbolicUtils.BasicSymbolicImpl.var"typeof(BasicSymbolicImpl)"{SymbolicUtils.SymReal}, Int64}, canonical_ranks::Vector{Int64})
    @ ModelingToolkitTearing ~/.julia/packages/ModelingToolkitTearing/2p2Cp/src/tearingstate.jl:549
  [9] get_expression_sort_key!(cache::IdDict{SymbolicUtils.BasicSymbolicImpl.var"typeof(BasicSymbolicImpl)"{SymbolicUtils.SymReal}, Vector{Tuple{Int64, Float64, Float64}}}, expr::SymbolicUtils.BasicSymbolicImpl.var"typeof(BasicSymbolicImpl)"{SymbolicUtils.SymReal}, var2idx::Dict{SymbolicUtils.BasicSymbolicImpl.var"typeof(BasicSymbolicImpl)"{SymbolicUtils.SymReal}, Int64}, canonical_ranks::Vector{Int64})
    @ ModelingToolkitTearing ~/.julia/packages/ModelingToolkitTearing/2p2Cp/src/tearingstate.jl:478
 [10] __get_expression_sort_key!(cache::IdDict{SymbolicUtils.BasicSymbolicImpl.var"typeof(BasicSymbolicImpl)"{SymbolicUtils.SymReal}, Vector{Tuple{Int64, Float64, Float64}}}, expr::SymbolicUtils.BasicSymbolicImpl.var"typeof(BasicSymbolicImpl)"{SymbolicUtils.SymReal}, var2idx::Dict{SymbolicUtils.BasicSymbolicImpl.var"typeof(BasicSymbolicImpl)"{SymbolicUtils.SymReal}, Int64}, canonical_ranks::Vector{Int64})
    @ ModelingToolkitTearing ~/.julia/packages/ModelingToolkitTearing/2p2Cp/src/tearingstate.jl:563
 [11] get_expression_sort_key!(cache::IdDict{SymbolicUtils.BasicSymbolicImpl.var"typeof(BasicSymbolicImpl)"{SymbolicUtils.SymReal}, Vector{Tuple{Int64, Float64, Float64}}}, expr::SymbolicUtils.BasicSymbolicImpl.var"typeof(BasicSymbolicImpl)"{SymbolicUtils.SymReal}, var2idx::Dict{SymbolicUtils.BasicSymbolicImpl.var"typeof(BasicSymbolicImpl)"{SymbolicUtils.SymReal}, Int64}, canonical_ranks::Vector{Int64})
    @ ModelingToolkitTearing ~/.julia/packages/ModelingToolkitTearing/2p2Cp/src/tearingstate.jl:478
 [12] __get_expression_sort_key!(cache::IdDict{SymbolicUtils.BasicSymbolicImpl.var"typeof(BasicSymbolicImpl)"{SymbolicUtils.SymReal}, Vector{Tuple{Int64, Float64, Float64}}}, expr::SymbolicUtils.BasicSymbolicImpl.var"typeof(BasicSymbolicImpl)"{SymbolicUtils.SymReal}, var2idx::Dict{SymbolicUtils.BasicSymbolicImpl.var"typeof(BasicSymbolicImpl)"{SymbolicUtils.SymReal}, Int64}, canonical_ranks::Vector{Int64})
    @ ModelingToolkitTearing ~/.julia/packages/ModelingToolkitTearing/2p2Cp/src/tearingstate.jl:563
 [13] get_expression_sort_key!(cache::IdDict{SymbolicUtils.BasicSymbolicImpl.var"typeof(BasicSymbolicImpl)"{SymbolicUtils.SymReal}, Vector{Tuple{Int64, Float64, Float64}}}, expr::SymbolicUtils.BasicSymbolicImpl.var"typeof(BasicSymbolicImpl)"{SymbolicUtils.SymReal}, var2idx::Dict{SymbolicUtils.BasicSymbolicImpl.var"typeof(BasicSymbolicImpl)"{SymbolicUtils.SymReal}, Int64}, canonical_ranks::Vector{Int64})
    @ ModelingToolkitTearing ~/.julia/packages/ModelingToolkitTearing/2p2Cp/src/tearingstate.jl:478
 [14] __get_expression_sort_key!(cache::IdDict{SymbolicUtils.BasicSymbolicImpl.var"typeof(BasicSymbolicImpl)"{SymbolicUtils.SymReal}, Vector{Tuple{Int64, Float64, Float64}}}, expr::SymbolicUtils.BasicSymbolicImpl.var"typeof(BasicSymbolicImpl)"{SymbolicUtils.SymReal}, var2idx::Dict{SymbolicUtils.BasicSymbolicImpl.var"typeof(BasicSymbolicImpl)"{SymbolicUtils.SymReal}, Int64}, canonical_ranks::Vector{Int64})
    @ ModelingToolkitTearing ~/.julia/packages/ModelingToolkitTearing/2p2Cp/src/tearingstate.jl:505
 [15] get_expression_sort_key!
    @ ~/.julia/packages/ModelingToolkitTearing/2p2Cp/src/tearingstate.jl:478 [inlined]
 [16] get_equation_sort_key!
    @ ~/.julia/packages/ModelingToolkitTearing/2p2Cp/src/tearingstate.jl:469 [inlined]
 [17] ModelingToolkitTearing.TearingState(sys::ModelingToolkitBase.System, source_info::ModelingToolkitBase.EquationSourceInformation; check::Bool, sort_eqs::Bool)
    @ ModelingToolkitTearing ~/.julia/packages/ModelingToolkitTearing/2p2Cp/src/tearingstate.jl:416
 [18] TearingState
    @ ~/.julia/packages/ModelingToolkitTearing/2p2Cp/src/tearingstate.jl:148 [inlined]
 [19] __mtkcompile(sys::ModelingToolkitBase.System; inputs::OrderedCollections.OrderedSet{SymbolicUtils.BasicSymbolicImpl.var"typeof(BasicSymbolicImpl)"{SymbolicUtils.SymReal}}, outputs::OrderedCollections.OrderedSet{SymbolicUtils.BasicSymbolicImpl.var"typeof(BasicSymbolicImpl)"{SymbolicUtils.SymReal}}, disturbance_inputs::OrderedCollections.OrderedSet{SymbolicUtils.BasicSymbolicImpl.var"typeof(BasicSymbolicImpl)"{SymbolicUtils.SymReal}}, sort_eqs::Bool, kwargs::@Kwargs{additional_passes::Tuple{}})
    @ ModelingToolkit ~/.julia/packages/ModelingToolkit/Hf2CS/src/systems/systems.jl:34
 [20] _mtkcompile(sys::ModelingToolkitBase.System; kwargs::@Kwargs{inputs::OrderedCollections.OrderedSet{SymbolicUtils.BasicSymbolicImpl.var"typeof(BasicSymbolicImpl)"{SymbolicUtils.SymReal}}, outputs::OrderedCollections.OrderedSet{SymbolicUtils.BasicSymbolicImpl.var"typeof(BasicSymbolicImpl)"{SymbolicUtils.SymReal}}, disturbance_inputs::OrderedCollections.OrderedSet{SymbolicUtils.BasicSymbolicImpl.var"typeof(BasicSymbolicImpl)"{SymbolicUtils.SymReal}}, additional_passes::Tuple{}})
    @ ModelingToolkitBase ~/.julia/packages/ModelingToolkitBase/9wONO/src/systems/systems.jl:0
 [21] _mtkcompile
    @ ~/.julia/packages/ModelingToolkitBase/9wONO/src/systems/systems.jl:127 [inlined]
 [22] mtkcompile(sys::ModelingToolkitBase.System; additional_passes::Tuple{}, inputs::Vector{SymbolicUtils.BasicSymbolicImpl.var"typeof(BasicSymbolicImpl)"{SymbolicUtils.SymReal}}, outputs::Vector{SymbolicUtils.BasicSymbolicImpl.var"typeof(BasicSymbolicImpl)"{SymbolicUtils.SymReal}}, disturbance_inputs::Vector{SymbolicUtils.BasicSymbolicImpl.var"typeof(BasicSymbolicImpl)"{SymbolicUtils.SymReal}}, split::Bool, kwargs::@Kwargs{})
    @ ModelingToolkitBase ~/.julia/packages/ModelingToolkitBase/9wONO/src/systems/systems.jl:100
 [23] mtkcompile
    @ ~/.julia/packages/ModelingToolkitBase/9wONO/src/systems/systems.jl:84 [inlined]
 [24] eval_AST(model::BaseModelica.BaseModelicaModel)
    @ BaseModelica ~/.julia/packages/BaseModelica/oqHHp/src/evaluator.jl:826
 [25] eval_AST(package::BaseModelica.BaseModelicaPackage)
    @ BaseModelica ~/.julia/packages/BaseModelica/oqHHp/src/evaluator.jl:846
 [26] baseModelica_to_ModelingToolkit
    @ ~/.julia/packages/BaseModelica/oqHHp/src/evaluator.jl:896 [inlined]
 [27] (::BaseModelicaLibraryTesting.var"#run_parse##10#run_parse##11")()
    @ BaseModelicaLibraryTesting ~/work/BaseModelicaLibraryTesting.jl/BaseModelicaLibraryTesting.jl/src/parse_bm.jl:78
 [28] with_logstate(f::BaseModelicaLibraryTesting.var"#run_parse##10#run_parse##11", logstate::Base.CoreLogging.LogState)
    @ Base.CoreLogging ./logging/logging.jl:542
 [29] with_logger
    @ ./logging/logging.jl:653 [inlined]
 [30] (::BaseModelicaLibraryTesting.var"#run_parse##8#run_parse##9")()
    @ BaseModelicaLibraryTesting ~/work/BaseModelicaLibraryTesting.jl/BaseModelicaLibraryTesting.jl/src/parse_bm.jl:77
 [31] (::Base.RedirectStdStream)(thunk::BaseModelicaLibraryTesting.var"#run_parse##8#run_parse##9", stream::Pipe)
    @ Base ./stream.jl:1464
 [32] #run_parse##6
    @ ~/work/BaseModelicaLibraryTesting.jl/BaseModelicaLibraryTesting.jl/src/parse_bm.jl:76 [inlined]
 [33] (::Base.RedirectStdStream)(thunk::BaseModelicaLibraryTesting.var"#run_parse##6#run_parse##7"{Pipe}, stream::Pipe)
    @ Base ./stream.jl:1464
 [34] run_parse(bm_path::String, model_dir::String, model::String)
    @ BaseModelicaLibraryTesting ~/work/BaseModelicaLibraryTesting.jl/BaseModelicaLibraryTesting.jl/src/parse_bm.jl:75
 [35] test_model(omc::OMJulia.OMCSession, model::String, results_root::String, ref_root::String; sim_settings::SimulateSettings, csv_max_size_mb::Int64)
    @ BaseModelicaLibraryTesting ~/work/BaseModelicaLibraryTesting.jl/BaseModelicaLibraryTesting.jl/src/pipeline.jl:82
 [36] test_model
    @ ~/work/BaseModelicaLibraryTesting.jl/BaseModelicaLibraryTesting.jl/src/pipeline.jl:60 [inlined]
 [37] main(; library::String, version::String, filter::String, omc_exe::String, results_root::String, ref_root::String, bm_options::String, sim_settings::SimulateSettings, csv_max_size_mb::Int64)
    @ BaseModelicaLibraryTesting ~/work/BaseModelicaLibraryTesting.jl/BaseModelicaLibraryTesting.jl/src/pipeline.jl:220
 [38] top-level scope
    @ none:7
 [39] eval(m::Module, e::Any)
    @ Core ./boot.jl:489
 [40] exec_options(opts::Base.JLOptions)
    @ Base ./client.jl:283
 [41] _start()
    @ Base ./client.jl:550
