Model:  Modelica.Electrical.Machines.Examples.DCMachines.DCPM_Drive
Time:    0.097 s
Success: false

--- Error ---
The input graph contains at least one loop.
Stacktrace:
  [1] error(s::String)
    @ Base ./error.jl:44
  [2] topological_sort_by_dfs(::Type{Graphs.IsDirected{Graphs.SimpleGraphs.SimpleDiGraph{Int64}}}, g::Graphs.SimpleGraphs.SimpleDiGraph{Int64})
    @ Graphs ~/.julia/packages/Graphs/nH2e0/src/traversals/dfs.jl:104
  [3] topological_sort_by_dfs
    @ ~/.julia/packages/SimpleTraits/nEtvW/src/SimpleTraits.jl:332 [inlined]
  [4] topological_sort
    @ ~/.julia/packages/Graphs/nH2e0/src/traversals/dfs.jl:77 [inlined]
  [5] topological_sort
    @ ~/.julia/packages/SimpleTraits/nEtvW/src/SimpleTraits.jl:332 [inlined]
  [6] get_sorted_scc(digraph::BipartiteGraphs.DiCMOBiGraph{false, Int64, BipartiteGraphs.BipartiteGraph{Int64, Nothing}, BipartiteGraphs.Matching{Union{BipartiteGraphs.Unassigned, StateSelection.SelectedState}, Vector{Union{BipartiteGraphs.Unassigned, StateSelection.SelectedState, Int64}}}}, full_var_eq_matching::BipartiteGraphs.Matching{Union{BipartiteGraphs.Unassigned, StateSelection.SelectedState}, Vector{Union{BipartiteGraphs.Unassigned, StateSelection.SelectedState, Int64}}}, var_eq_matching::BipartiteGraphs.Matching{Union{BipartiteGraphs.Unassigned, StateSelection.SelectedState}, Vector{Union{BipartiteGraphs.Unassigned, StateSelection.SelectedState, Int64}}}, scc::Vector{Int64})
    @ ModelingToolkitTearing ~/.julia/packages/ModelingToolkitTearing/5bvkg/src/reassemble.jl:912
  [7] generate_system_equations!(state::ModelingToolkitTearing.TearingState, neweqs::Vector{Symbolics.Equation}, var_eq_matching::BipartiteGraphs.Matching{Union{BipartiteGraphs.Unassigned, StateSelection.SelectedState}, Vector{Union{BipartiteGraphs.Unassigned, StateSelection.SelectedState, Int64}}}, full_var_eq_matching::BipartiteGraphs.Matching{Union{BipartiteGraphs.Unassigned, StateSelection.SelectedState}, Vector{Union{BipartiteGraphs.Unassigned, StateSelection.SelectedState, Int64}}}, var_sccs::Vector{Vector{Int64}}, extra_eqs_vars::Tuple{Vector{Int64}, Vector{Int64}}, iv::SymbolicUtils.BasicSymbolicImpl.var"typeof(BasicSymbolicImpl)"{SymbolicUtils.SymReal}, D::Symbolics.Differential; simplify::Bool, inline_linear_sccs::Bool, analytical_linear_scc_limit::Int64, allow_symbolic::Bool, allow_parameter::Bool)
    @ ModelingToolkitTearing ~/.julia/packages/ModelingToolkitTearing/5bvkg/src/reassemble.jl:473
  [8] generate_system_equations!
    @ ~/.julia/packages/ModelingToolkitTearing/5bvkg/src/reassemble.jl:403 [inlined]
  [9] (::ModelingToolkitTearing.DefaultReassembleAlgorithm)(state::ModelingToolkitTearing.TearingState, tearing_result::StateSelection.TearingResult, mm::StateSelection.CLIL.SparseMatrixCLIL{Int64, Int64}; fully_determined::Bool, allow_symbolic::Bool, allow_parameter::Bool, kw::@Kwargs{additional_passes::Tuple{}})
    @ ModelingToolkitTearing ~/.julia/packages/ModelingToolkitTearing/5bvkg/src/reassemble.jl:1402
 [10] DefaultReassembleAlgorithm
    @ ~/.julia/packages/ModelingToolkitTearing/5bvkg/src/reassemble.jl:1355 [inlined]
 [11] #dummy_derivative#23
    @ ~/.julia/packages/ModelingToolkit/1Ow1H/src/structural_transformation/symbolics_tearing.jl:84 [inlined]
 [12] dummy_derivative
    @ ~/.julia/packages/ModelingToolkit/1Ow1H/src/structural_transformation/symbolics_tearing.jl:57 [inlined]
 [13] _mtkcompile_worker!(state::ModelingToolkitTearing.TearingState, sys::ModelingToolkitBase.System; fully_determined::Bool, dummy_derivative::Bool, kwargs::@Kwargs{additional_passes::Tuple{}})
    @ ModelingToolkit ~/.julia/packages/ModelingToolkit/1Ow1H/src/systems/systemstructure.jl:242
 [14] _mtkcompile_worker!
    @ ~/.julia/packages/ModelingToolkit/1Ow1H/src/systems/systemstructure.jl:236 [inlined]
 [15] _mtkcompile!(state::ModelingToolkitTearing.TearingState; check_consistency::Bool, fully_determined::Bool, dummy_derivative::Bool, discrete_inputs::OrderedCollections.OrderedSet{SymbolicUtils.BasicSymbolicImpl.var"typeof(BasicSymbolicImpl)"{SymbolicUtils.SymReal}}, inputs::OrderedCollections.OrderedSet{SymbolicUtils.BasicSymbolicImpl.var"typeof(BasicSymbolicImpl)"{SymbolicUtils.SymReal}}, outputs::OrderedCollections.OrderedSet{SymbolicUtils.BasicSymbolicImpl.var"typeof(BasicSymbolicImpl)"{SymbolicUtils.SymReal}}, disturbance_inputs::OrderedCollections.OrderedSet{SymbolicUtils.BasicSymbolicImpl.var"typeof(BasicSymbolicImpl)"{SymbolicUtils.SymReal}}, kwargs::@Kwargs{additional_passes::Tuple{}})
    @ ModelingToolkit ~/.julia/packages/ModelingToolkit/1Ow1H/src/systems/systemstructure.jl:229
 [16] mtkcompile!(state::ModelingToolkitTearing.TearingState; check_consistency::Bool, fully_determined::Bool, inputs::OrderedCollections.OrderedSet{SymbolicUtils.BasicSymbolicImpl.var"typeof(BasicSymbolicImpl)"{SymbolicUtils.SymReal}}, outputs::OrderedCollections.OrderedSet{SymbolicUtils.BasicSymbolicImpl.var"typeof(BasicSymbolicImpl)"{SymbolicUtils.SymReal}}, disturbance_inputs::OrderedCollections.OrderedSet{SymbolicUtils.BasicSymbolicImpl.var"typeof(BasicSymbolicImpl)"{SymbolicUtils.SymReal}}, kwargs::@Kwargs{additional_passes::Tuple{}})
    @ ModelingToolkit ~/.julia/packages/ModelingToolkit/1Ow1H/src/systems/systemstructure.jl:184
 [17] mtkcompile!
    @ ~/.julia/packages/ModelingToolkit/1Ow1H/src/systems/systemstructure.jl:100 [inlined]
 [18] __mtkcompile(sys::ModelingToolkitBase.System; inputs::OrderedCollections.OrderedSet{SymbolicUtils.BasicSymbolicImpl.var"typeof(BasicSymbolicImpl)"{SymbolicUtils.SymReal}}, outputs::OrderedCollections.OrderedSet{SymbolicUtils.BasicSymbolicImpl.var"typeof(BasicSymbolicImpl)"{SymbolicUtils.SymReal}}, disturbance_inputs::OrderedCollections.OrderedSet{SymbolicUtils.BasicSymbolicImpl.var"typeof(BasicSymbolicImpl)"{SymbolicUtils.SymReal}}, sort_eqs::Bool, kwargs::@Kwargs{additional_passes::Tuple{}})
    @ ModelingToolkit ~/.julia/packages/ModelingToolkit/1Ow1H/src/systems/systems.jl:50
 [19] _mtkcompile(sys::ModelingToolkitBase.System; kwargs::@Kwargs{inputs::OrderedCollections.OrderedSet{SymbolicUtils.BasicSymbolicImpl.var"typeof(BasicSymbolicImpl)"{SymbolicUtils.SymReal}}, outputs::OrderedCollections.OrderedSet{SymbolicUtils.BasicSymbolicImpl.var"typeof(BasicSymbolicImpl)"{SymbolicUtils.SymReal}}, disturbance_inputs::OrderedCollections.OrderedSet{SymbolicUtils.BasicSymbolicImpl.var"typeof(BasicSymbolicImpl)"{SymbolicUtils.SymReal}}, additional_passes::Tuple{}})
    @ ModelingToolkitBase ~/.julia/packages/ModelingToolkitBase/96PqZ/src/systems/systems.jl:0
 [20] _mtkcompile
    @ ~/.julia/packages/ModelingToolkitBase/96PqZ/src/systems/systems.jl:127 [inlined]
 [21] mtkcompile(sys::ModelingToolkitBase.System; additional_passes::Tuple{}, inputs::Vector{SymbolicUtils.BasicSymbolicImpl.var"typeof(BasicSymbolicImpl)"{SymbolicUtils.SymReal}}, outputs::Vector{SymbolicUtils.BasicSymbolicImpl.var"typeof(BasicSymbolicImpl)"{SymbolicUtils.SymReal}}, disturbance_inputs::Vector{SymbolicUtils.BasicSymbolicImpl.var"typeof(BasicSymbolicImpl)"{SymbolicUtils.SymReal}}, split::Bool, kwargs::@Kwargs{})
    @ ModelingToolkitBase ~/.julia/packages/ModelingToolkitBase/96PqZ/src/systems/systems.jl:100
 [22] mtkcompile
    @ ~/.julia/packages/ModelingToolkitBase/96PqZ/src/systems/systems.jl:84 [inlined]
 [23] eval_AST(model::BaseModelica.BaseModelicaModel)
    @ BaseModelica ~/.julia/packages/BaseModelica/8Urcx/src/evaluator.jl:826
 [24] eval_AST(package::BaseModelica.BaseModelicaPackage)
    @ BaseModelica ~/.julia/packages/BaseModelica/8Urcx/src/evaluator.jl:846
 [25] baseModelica_to_ModelingToolkit
    @ ~/.julia/packages/BaseModelica/8Urcx/src/evaluator.jl:896 [inlined]
 [26] (::BaseModelicaLibraryTesting.var"#run_parse##10#run_parse##11")()
    @ BaseModelicaLibraryTesting ~/work/BaseModelicaLibraryTesting.jl/BaseModelicaLibraryTesting.jl/src/parse_bm.jl:78
 [27] with_logstate(f::BaseModelicaLibraryTesting.var"#run_parse##10#run_parse##11", logstate::Base.CoreLogging.LogState)
    @ Base.CoreLogging ./logging/logging.jl:542
 [28] with_logger
    @ ./logging/logging.jl:653 [inlined]
 [29] (::BaseModelicaLibraryTesting.var"#run_parse##8#run_parse##9")()
    @ BaseModelicaLibraryTesting ~/work/BaseModelicaLibraryTesting.jl/BaseModelicaLibraryTesting.jl/src/parse_bm.jl:77
 [30] (::Base.RedirectStdStream)(thunk::BaseModelicaLibraryTesting.var"#run_parse##8#run_parse##9", stream::Pipe)
    @ Base ./stream.jl:1464
 [31] #run_parse##6
    @ ~/work/BaseModelicaLibraryTesting.jl/BaseModelicaLibraryTesting.jl/src/parse_bm.jl:76 [inlined]
 [32] (::Base.RedirectStdStream)(thunk::BaseModelicaLibraryTesting.var"#run_parse##6#run_parse##7"{Pipe}, stream::Pipe)
    @ Base ./stream.jl:1464
 [33] run_parse(bm_path::String, model_dir::String, model::String)
    @ BaseModelicaLibraryTesting ~/work/BaseModelicaLibraryTesting.jl/BaseModelicaLibraryTesting.jl/src/parse_bm.jl:75
 [34] test_model(omc::OMJulia.OMCSession, model::String, results_root::String, ref_root::String; sim_settings::SimulateSettings, csv_max_size_mb::Int64)
    @ BaseModelicaLibraryTesting ~/work/BaseModelicaLibraryTesting.jl/BaseModelicaLibraryTesting.jl/src/pipeline.jl:82
 [35] test_model
    @ ~/work/BaseModelicaLibraryTesting.jl/BaseModelicaLibraryTesting.jl/src/pipeline.jl:60 [inlined]
 [36] main(; library::String, version::String, filter::String, omc_exe::String, results_root::String, ref_root::String, bm_options::String, sim_settings::SimulateSettings, csv_max_size_mb::Int64)
    @ BaseModelicaLibraryTesting ~/work/BaseModelicaLibraryTesting.jl/BaseModelicaLibraryTesting.jl/src/pipeline.jl:220
 [37] top-level scope
    @ none:7
 [38] eval(m::Module, e::Any)
    @ Core ./boot.jl:489
 [39] exec_options(opts::Base.JLOptions)
    @ Base ./client.jl:283
 [40] _start()
    @ Base ./client.jl:550
