Model:   Modelica.Thermal.FluidHeatFlow.Examples.TwoMass
┌ Warning: Verbosity toggle: blas_errors 
│  BLAS/LAPACK dgetrf: Matrix is singular
│   Details: U(1,1) is exactly zero. The factorization has been completed, but U is singular and division by U will produce infinity.
│   Return code (info): 1
│   Matrix size: (11, 11)
│   Matrix type: Matrix{Float64}
│   Element type: Float64
│   Memory usage: 0.0 MB
│   RHS length: 11
│   RHS type: Vector{Float64}
└ @ LinearSolve /home/runner/.julia/packages/LinearSolve/3MvN7/src/mkl.jl:346
┌ Warning: Verbosity toggle: blas_errors 
│  BLAS/LAPACK dgetrf: Matrix is singular
│   Details: U(1,1) is exactly zero. The factorization has been completed, but U is singular and division by U will produce infinity.
│   Return code (info): 1
│   Matrix size: (11, 11)
│   Matrix type: Matrix{Float64}
│   Element type: Float64
│   Memory usage: 0.0 MB
│   RHS length: 11
│   RHS type: Vector{Float64}
└ @ LinearSolve /home/runner/.julia/packages/LinearSolve/3MvN7/src/mkl.jl:346
┌ Warning: Verbosity toggle: blas_errors 
│  BLAS/LAPACK dgetrf: Matrix is singular
│   Details: U(1,1) is exactly zero. The factorization has been completed, but U is singular and division by U will produce infinity.
│   Return code (info): 1
│   Matrix size: (11, 11)
│   Matrix type: Matrix{Float64}
│   Element type: Float64
│   Memory usage: 0.0 MB
│   RHS length: 11
│   RHS type: Vector{Float64}
└ @ LinearSolve /home/runner/.julia/packages/LinearSolve/3MvN7/src/mkl.jl:346
┌ Warning: Verbosity toggle: blas_errors 
│  BLAS/LAPACK dgetrf: Matrix is singular
│   Details: U(1,1) is exactly zero. The factorization has been completed, but U is singular and division by U will produce infinity.
│   Return code (info): 1
│   Matrix size: (11, 11)
│   Matrix type: Matrix{Float64}
│   Element type: Float64
│   Memory usage: 0.0 MB
│   RHS length: 11
│   RHS type: Vector{Float64}
└ @ LinearSolve /home/runner/.julia/packages/LinearSolve/3MvN7/src/mkl.jl:346
┌ Warning: Verbosity toggle: blas_errors 
│  BLAS/LAPACK dgetrf: Matrix is singular
│   Details: U(1,1) is exactly zero. The factorization has been completed, but U is singular and division by U will produce infinity.
│   Return code (info): 1
│   Matrix size: (11, 11)
│   Matrix type: Matrix{Float64}
│   Element type: Float64
│   Memory usage: 0.0 MB
│   RHS length: 11
│   RHS type: Vector{Float64}
└ @ LinearSolve /home/runner/.julia/packages/LinearSolve/3MvN7/src/mkl.jl:346
┌ Warning: Verbosity toggle: blas_errors 
│  BLAS/LAPACK dgetrf: Matrix is singular
│   Details: U(1,1) is exactly zero. The factorization has been completed, but U is singular and division by U will produce infinity.
│   Return code (info): 1
│   Matrix size: (11, 11)
│   Matrix type: Matrix{Float64}
│   Element type: Float64
│   Memory usage: 0.0 MB
│   RHS length: 11
│   RHS type: Vector{Float64}
└ @ LinearSolve /home/runner/.julia/packages/LinearSolve/3MvN7/src/mkl.jl:346
┌ Warning: Verbosity toggle: blas_errors 
│  BLAS/LAPACK dgetrf: Matrix is singular
│   Details: U(1,1) is exactly zero. The factorization has been completed, but U is singular and division by U will produce infinity.
│   Return code (info): 1
│   Matrix size: (11, 11)
│   Matrix type: Matrix{Float64}
│   Element type: Float64
│   Memory usage: 0.0 MB
│   RHS length: 11
│   RHS type: Vector{Float64}
└ @ LinearSolve /home/runner/.julia/packages/LinearSolve/3MvN7/src/mkl.jl:346
┌ Warning: Verbosity toggle: blas_errors 
│  BLAS/LAPACK dgetrf: Matrix is singular
│   Details: U(1,1) is exactly zero. The factorization has been completed, but U is singular and division by U will produce infinity.
│   Return code (info): 1
│   Matrix size: (11, 11)
│   Matrix type: Matrix{Float64}
│   Element type: Float64
│   Memory usage: 0.0 MB
│   RHS length: 11
│   RHS type: Vector{Float64}
└ @ LinearSolve /home/runner/.julia/packages/LinearSolve/3MvN7/src/mkl.jl:346
┌ Warning: Verbosity toggle: blas_errors 
│  BLAS/LAPACK dgetrf: Matrix is singular
│   Details: U(1,1) is exactly zero. The factorization has been completed, but U is singular and division by U will produce infinity.
│   Return code (info): 1
│   Matrix size: (11, 11)
│   Matrix type: Matrix{Float64}
│   Element type: Float64
│   Memory usage: 0.0 MB
│   RHS length: 11
│   RHS type: Vector{Float64}
└ @ LinearSolve /home/runner/.julia/packages/LinearSolve/3MvN7/src/mkl.jl:346
┌ Warning: Verbosity toggle: blas_errors 
│  BLAS/LAPACK dgetrf: Matrix is singular
│   Details: U(1,1) is exactly zero. The factorization has been completed, but U is singular and division by U will produce infinity.
│   Return code (info): 1
│   Matrix size: (11, 11)
│   Matrix type: Matrix{Float64}
│   Element type: Float64
│   Memory usage: 0.0 MB
│   RHS length: 11
│   RHS type: Vector{Float64}
└ @ LinearSolve /home/runner/.julia/packages/LinearSolve/3MvN7/src/mkl.jl:346
┌ Warning: Verbosity toggle: blas_errors 
│  BLAS/LAPACK dgetrf: Matrix is singular
│   Details: U(1,1) is exactly zero. The factorization has been completed, but U is singular and division by U will produce infinity.
│   Return code (info): 1
│   Matrix size: (11, 11)
│   Matrix type: Matrix{Float64}
│   Element type: Float64
│   Memory usage: 0.0 MB
│   RHS length: 11
│   RHS type: Vector{Float64}
└ @ LinearSolve /home/runner/.julia/packages/LinearSolve/3MvN7/src/mkl.jl:346
┌ Warning: Verbosity toggle: blas_errors 
│  BLAS/LAPACK dgetrf: Matrix is singular
│   Details: U(1,1) is exactly zero. The factorization has been completed, but U is singular and division by U will produce infinity.
│   Return code (info): 1
│   Matrix size: (11, 11)
│   Matrix type: Matrix{Float64}
│   Element type: Float64
│   Memory usage: 0.0 MB
│   RHS length: 11
│   RHS type: Vector{Float64}
└ @ LinearSolve /home/runner/.julia/packages/LinearSolve/3MvN7/src/mkl.jl:346
┌ Warning: Verbosity toggle: blas_errors 
│  BLAS/LAPACK dgetrf: Matrix is singular
│   Details: U(1,1) is exactly zero. The factorization has been completed, but U is singular and division by U will produce infinity.
│   Return code (info): 1
│   Matrix size: (11, 11)
│   Matrix type: Matrix{Float64}
│   Element type: Float64
│   Memory usage: 0.0 MB
│   RHS length: 11
│   RHS type: Vector{Float64}
└ @ LinearSolve /home/runner/.julia/packages/LinearSolve/3MvN7/src/mkl.jl:346
┌ Warning: Verbosity toggle: blas_errors 
│  BLAS/LAPACK dgetrf: Matrix is singular
│   Details: U(1,1) is exactly zero. The factorization has been completed, but U is singular and division by U will produce infinity.
│   Return code (info): 1
│   Matrix size: (11, 11)
│   Matrix type: Matrix{Float64}
│   Element type: Float64
│   Memory usage: 0.0 MB
│   RHS length: 11
│   RHS type: Vector{Float64}
└ @ LinearSolve /home/runner/.julia/packages/LinearSolve/3MvN7/src/mkl.jl:346
┌ Warning: Verbosity toggle: blas_errors 
│  BLAS/LAPACK dgetrf: Matrix is singular
│   Details: U(1,1) is exactly zero. The factorization has been completed, but U is singular and division by U will produce infinity.
│   Return code (info): 1
│   Matrix size: (11, 11)
│   Matrix type: Matrix{Float64}
│   Element type: Float64
│   Memory usage: 0.0 MB
│   RHS length: 11
│   RHS type: Vector{Float64}
└ @ LinearSolve /home/runner/.julia/packages/LinearSolve/3MvN7/src/mkl.jl:346
┌ Warning: Verbosity toggle: blas_errors 
│  BLAS/LAPACK dgetrf: Matrix is singular
│   Details: U(1,1) is exactly zero. The factorization has been completed, but U is singular and division by U will produce infinity.
│   Return code (info): 1
│   Matrix size: (11, 11)
│   Matrix type: Matrix{Float64}
│   Element type: Float64
│   Memory usage: 0.0 MB
│   RHS length: 11
│   RHS type: Vector{Float64}
└ @ LinearSolve /home/runner/.julia/packages/LinearSolve/3MvN7/src/mkl.jl:346
┌ Warning: Verbosity toggle: blas_errors 
│  BLAS/LAPACK dgetrf: Matrix is singular
│   Details: U(1,1) is exactly zero. The factorization has been completed, but U is singular and division by U will produce infinity.
│   Return code (info): 1
│   Matrix size: (11, 11)
│   Matrix type: Matrix{Float64}
│   Element type: Float64
│   Memory usage: 0.0 MB
│   RHS length: 11
│   RHS type: Vector{Float64}
└ @ LinearSolve /home/runner/.julia/packages/LinearSolve/3MvN7/src/mkl.jl:346
┌ Warning: Verbosity toggle: blas_errors 
│  BLAS/LAPACK dgetrf: Matrix is singular
│   Details: U(1,1) is exactly zero. The factorization has been completed, but U is singular and division by U will produce infinity.
│   Return code (info): 1
│   Matrix size: (11, 11)
│   Matrix type: Matrix{Float64}
│   Element type: Float64
│   Memory usage: 0.0 MB
│   RHS length: 11
│   RHS type: Vector{Float64}
└ @ LinearSolve /home/runner/.julia/packages/LinearSolve/3MvN7/src/mkl.jl:346
┌ Warning: Verbosity toggle: blas_errors 
│  BLAS/LAPACK dgetrf: Matrix is singular
│   Details: U(1,1) is exactly zero. The factorization has been completed, but U is singular and division by U will produce infinity.
│   Return code (info): 1
│   Matrix size: (11, 11)
│   Matrix type: Matrix{Float64}
│   Element type: Float64
│   Memory usage: 0.0 MB
│   RHS length: 11
│   RHS type: Vector{Float64}
└ @ LinearSolve /home/runner/.julia/packages/LinearSolve/3MvN7/src/mkl.jl:346
┌ Warning: Verbosity toggle: blas_errors 
│  BLAS/LAPACK dgetrf: Matrix is singular
│   Details: U(1,1) is exactly zero. The factorization has been completed, but U is singular and division by U will produce infinity.
│   Return code (info): 1
│   Matrix size: (11, 11)
│   Matrix type: Matrix{Float64}
│   Element type: Float64
│   Memory usage: 0.0 MB
│   RHS length: 11
│   RHS type: Vector{Float64}
└ @ LinearSolve /home/runner/.julia/packages/LinearSolve/3MvN7/src/mkl.jl:346
┌ Warning: Verbosity toggle: blas_errors 
│  BLAS/LAPACK dgetrf: Matrix is singular
│   Details: U(1,1) is exactly zero. The factorization has been completed, but U is singular and division by U will produce infinity.
│   Return code (info): 1
│   Matrix size: (11, 11)
│   Matrix type: Matrix{Float64}
│   Element type: Float64
│   Memory usage: 0.0 MB
│   RHS length: 11
│   RHS type: Vector{Float64}
└ @ LinearSolve /home/runner/.julia/packages/LinearSolve/3MvN7/src/mkl.jl:346
┌ Warning: Verbosity toggle: blas_errors 
│  BLAS/LAPACK dgetrf: Matrix is singular
│   Details: U(1,1) is exactly zero. The factorization has been completed, but U is singular and division by U will produce infinity.
│   Return code (info): 1
│   Matrix size: (11, 11)
│   Matrix type: Matrix{Float64}
│   Element type: Float64
│   Memory usage: 0.0 MB
│   RHS length: 11
│   RHS type: Vector{Float64}
└ @ LinearSolve /home/runner/.julia/packages/LinearSolve/3MvN7/src/mkl.jl:346
┌ Warning: Verbosity toggle: blas_errors 
│  BLAS/LAPACK dgetrf: Matrix is singular
│   Details: U(1,1) is exactly zero. The factorization has been completed, but U is singular and division by U will produce infinity.
│   Return code (info): 1
│   Matrix size: (11, 11)
│   Matrix type: Matrix{Float64}
│   Element type: Float64
│   Memory usage: 0.0 MB
│   RHS length: 11
│   RHS type: Vector{Float64}
└ @ LinearSolve /home/runner/.julia/packages/LinearSolve/3MvN7/src/mkl.jl:346
┌ Warning: Verbosity toggle: blas_errors 
│  BLAS/LAPACK dgetrf: Matrix is singular
│   Details: U(1,1) is exactly zero. The factorization has been completed, but U is singular and division by U will produce infinity.
│   Return code (info): 1
│   Matrix size: (11, 11)
│   Matrix type: Matrix{Float64}
│   Element type: Float64
│   Memory usage: 0.0 MB
│   RHS length: 11
│   RHS type: Vector{Float64}
└ @ LinearSolve /home/runner/.julia/packages/LinearSolve/3MvN7/src/mkl.jl:346
┌ Warning: Verbosity toggle: blas_errors 
│  BLAS/LAPACK dgetrf: Matrix is singular
│   Details: U(1,1) is exactly zero. The factorization has been completed, but U is singular and division by U will produce infinity.
│   Return code (info): 1
│   Matrix size: (11, 11)
│   Matrix type: Matrix{Float64}
│   Element type: Float64
│   Memory usage: 0.0 MB
│   RHS length: 11
│   RHS type: Vector{Float64}
└ @ LinearSolve /home/runner/.julia/packages/LinearSolve/3MvN7/src/mkl.jl:346
┌ Warning: Verbosity toggle: blas_errors 
│  BLAS/LAPACK dgetrf: Matrix is singular
│   Details: U(1,1) is exactly zero. The factorization has been completed, but U is singular and division by U will produce infinity.
│   Return code (info): 1
│   Matrix size: (11, 11)
│   Matrix type: Matrix{Float64}
│   Element type: Float64
│   Memory usage: 0.0 MB
│   RHS length: 11
│   RHS type: Vector{Float64}
└ @ LinearSolve /home/runner/.julia/packages/LinearSolve/3MvN7/src/mkl.jl:346
┌ Warning: Verbosity toggle: blas_errors 
│  BLAS/LAPACK dgetrf: Matrix is singular
│   Details: U(1,1) is exactly zero. The factorization has been completed, but U is singular and division by U will produce infinity.
│   Return code (info): 1
│   Matrix size: (11, 11)
│   Matrix type: Matrix{Float64}
│   Element type: Float64
│   Memory usage: 0.0 MB
│   RHS length: 11
│   RHS type: Vector{Float64}
└ @ LinearSolve /home/runner/.julia/packages/LinearSolve/3MvN7/src/mkl.jl:346
┌ Warning: Verbosity toggle: blas_errors 
│  BLAS/LAPACK dgetrf: Matrix is singular
│   Details: U(1,1) is exactly zero. The factorization has been completed, but U is singular and division by U will produce infinity.
│   Return code (info): 1
│   Matrix size: (11, 11)
│   Matrix type: Matrix{Float64}
│   Element type: Float64
│   Memory usage: 0.0 MB
│   RHS length: 11
│   RHS type: Vector{Float64}
└ @ LinearSolve /home/runner/.julia/packages/LinearSolve/3MvN7/src/mkl.jl:346
┌ Warning: Verbosity toggle: blas_errors 
│  BLAS/LAPACK dgetrf: Matrix is singular
│   Details: U(1,1) is exactly zero. The factorization has been completed, but U is singular and division by U will produce infinity.
│   Return code (info): 1
│   Matrix size: (11, 11)
│   Matrix type: Matrix{Float64}
│   Element type: Float64
│   Memory usage: 0.0 MB
│   RHS length: 11
│   RHS type: Vector{Float64}
└ @ LinearSolve /home/runner/.julia/packages/LinearSolve/3MvN7/src/mkl.jl:346
┌ Warning: Verbosity toggle: blas_errors 
│  BLAS/LAPACK dgetrf: Matrix is singular
│   Details: U(1,1) is exactly zero. The factorization has been completed, but U is singular and division by U will produce infinity.
│   Return code (info): 1
│   Matrix size: (11, 11)
│   Matrix type: Matrix{Float64}
│   Element type: Float64
│   Memory usage: 0.0 MB
│   RHS length: 11
│   RHS type: Vector{Float64}
└ @ LinearSolve /home/runner/.julia/packages/LinearSolve/3MvN7/src/mkl.jl:346
┌ Warning: Verbosity toggle: blas_errors 
│  BLAS/LAPACK dgetrf: Matrix is singular
│   Details: U(1,1) is exactly zero. The factorization has been completed, but U is singular and division by U will produce infinity.
│   Return code (info): 1
│   Matrix size: (11, 11)
│   Matrix type: Matrix{Float64}
│   Element type: Float64
│   Memory usage: 0.0 MB
│   RHS length: 11
│   RHS type: Vector{Float64}
└ @ LinearSolve /home/runner/.julia/packages/LinearSolve/3MvN7/src/mkl.jl:346
┌ Warning: Verbosity toggle: blas_errors 
│  BLAS/LAPACK dgetrf: Matrix is singular
│   Details: U(1,1) is exactly zero. The factorization has been completed, but U is singular and division by U will produce infinity.
│   Return code (info): 1
│   Matrix size: (11, 11)
│   Matrix type: Matrix{Float64}
│   Element type: Float64
│   Memory usage: 0.0 MB
│   RHS length: 11
│   RHS type: Vector{Float64}
└ @ LinearSolve /home/runner/.julia/packages/LinearSolve/3MvN7/src/mkl.jl:346
┌ Warning: Verbosity toggle: blas_errors 
│  BLAS/LAPACK dgetrf: Matrix is singular
│   Details: U(1,1) is exactly zero. The factorization has been completed, but U is singular and division by U will produce infinity.
│   Return code (info): 1
│   Matrix size: (11, 11)
│   Matrix type: Matrix{Float64}
│   Element type: Float64
│   Memory usage: 0.0 MB
│   RHS length: 11
│   RHS type: Vector{Float64}
└ @ LinearSolve /home/runner/.julia/packages/LinearSolve/3MvN7/src/mkl.jl:346
┌ Warning: Verbosity toggle: blas_errors 
│  BLAS/LAPACK dgetrf: Matrix is singular
│   Details: U(1,1) is exactly zero. The factorization has been completed, but U is singular and division by U will produce infinity.
│   Return code (info): 1
│   Matrix size: (11, 11)
│   Matrix type: Matrix{Float64}
│   Element type: Float64
│   Memory usage: 0.0 MB
│   RHS length: 11
│   RHS type: Vector{Float64}
└ @ LinearSolve /home/runner/.julia/packages/LinearSolve/3MvN7/src/mkl.jl:346
┌ Warning: Verbosity toggle: blas_errors 
│  BLAS/LAPACK dgetrf: Matrix is singular
│   Details: U(1,1) is exactly zero. The factorization has been completed, but U is singular and division by U will produce infinity.
│   Return code (info): 1
│   Matrix size: (11, 11)
│   Matrix type: Matrix{Float64}
│   Element type: Float64
│   Memory usage: 0.0 MB
│   RHS length: 11
│   RHS type: Vector{Float64}
└ @ LinearSolve /home/runner/.julia/packages/LinearSolve/3MvN7/src/mkl.jl:346
┌ Warning: Verbosity toggle: blas_errors 
│  BLAS/LAPACK dgetrf: Matrix is singular
│   Details: U(1,1) is exactly zero. The factorization has been completed, but U is singular and division by U will produce infinity.
│   Return code (info): 1
│   Matrix size: (11, 11)
│   Matrix type: Matrix{Float64}
│   Element type: Float64
│   Memory usage: 0.0 MB
│   RHS length: 11
│   RHS type: Vector{Float64}
└ @ LinearSolve /home/runner/.julia/packages/LinearSolve/3MvN7/src/mkl.jl:346
┌ Warning: Verbosity toggle: blas_errors 
│  BLAS/LAPACK dgetrf: Matrix is singular
│   Details: U(1,1) is exactly zero. The factorization has been completed, but U is singular and division by U will produce infinity.
│   Return code (info): 1
│   Matrix size: (11, 11)
│   Matrix type: Matrix{Float64}
│   Element type: Float64
│   Memory usage: 0.0 MB
│   RHS length: 11
│   RHS type: Vector{Float64}
└ @ LinearSolve /home/runner/.julia/packages/LinearSolve/3MvN7/src/mkl.jl:346
┌ Warning: Verbosity toggle: blas_errors 
│  BLAS/LAPACK dgetrf: Matrix is singular
│   Details: U(1,1) is exactly zero. The factorization has been completed, but U is singular and division by U will produce infinity.
│   Return code (info): 1
│   Matrix size: (11, 11)
│   Matrix type: Matrix{Float64}
│   Element type: Float64
│   Memory usage: 0.0 MB
│   RHS length: 11
│   RHS type: Vector{Float64}
└ @ LinearSolve /home/runner/.julia/packages/LinearSolve/3MvN7/src/mkl.jl:346
┌ Warning: Verbosity toggle: blas_errors 
│  BLAS/LAPACK dgetrf: Matrix is singular
│   Details: U(1,1) is exactly zero. The factorization has been completed, but U is singular and division by U will produce infinity.
│   Return code (info): 1
│   Matrix size: (11, 11)
│   Matrix type: Matrix{Float64}
│   Element type: Float64
│   Memory usage: 0.0 MB
│   RHS length: 11
│   RHS type: Vector{Float64}
└ @ LinearSolve /home/runner/.julia/packages/LinearSolve/3MvN7/src/mkl.jl:346
┌ Warning: Verbosity toggle: blas_errors 
│  BLAS/LAPACK dgetrf: Matrix is singular
│   Details: U(1,1) is exactly zero. The factorization has been completed, but U is singular and division by U will produce infinity.
│   Return code (info): 1
│   Matrix size: (11, 11)
│   Matrix type: Matrix{Float64}
│   Element type: Float64
│   Memory usage: 0.0 MB
│   RHS length: 11
│   RHS type: Vector{Float64}
└ @ LinearSolve /home/runner/.julia/packages/LinearSolve/3MvN7/src/mkl.jl:346
┌ Warning: Verbosity toggle: blas_errors 
│  BLAS/LAPACK dgetrf: Matrix is singular
│   Details: U(1,1) is exactly zero. The factorization has been completed, but U is singular and division by U will produce infinity.
│   Return code (info): 1
│   Matrix size: (11, 11)
│   Matrix type: Matrix{Float64}
│   Element type: Float64
│   Memory usage: 0.0 MB
│   RHS length: 11
│   RHS type: Vector{Float64}
└ @ LinearSolve /home/runner/.julia/packages/LinearSolve/3MvN7/src/mkl.jl:346
┌ Warning: Verbosity toggle: blas_errors 
│  BLAS/LAPACK dgetrf: Matrix is singular
│   Details: U(1,1) is exactly zero. The factorization has been completed, but U is singular and division by U will produce infinity.
│   Return code (info): 1
│   Matrix size: (11, 11)
│   Matrix type: Matrix{Float64}
│   Element type: Float64
│   Memory usage: 0.0 MB
│   RHS length: 11
│   RHS type: Vector{Float64}
└ @ LinearSolve /home/runner/.julia/packages/LinearSolve/3MvN7/src/mkl.jl:346
┌ Warning: Verbosity toggle: blas_errors 
│  BLAS/LAPACK dgetrf: Matrix is singular
│   Details: U(1,1) is exactly zero. The factorization has been completed, but U is singular and division by U will produce infinity.
│   Return code (info): 1
│   Matrix size: (11, 11)
│   Matrix type: Matrix{Float64}
│   Element type: Float64
│   Memory usage: 0.0 MB
│   RHS length: 11
│   RHS type: Vector{Float64}
└ @ LinearSolve /home/runner/.julia/packages/LinearSolve/3MvN7/src/mkl.jl:346
┌ Warning: Verbosity toggle: blas_errors 
│  BLAS/LAPACK dgetrf: Matrix is singular
│   Details: U(1,1) is exactly zero. The factorization has been completed, but U is singular and division by U will produce infinity.
│   Return code (info): 1
│   Matrix size: (11, 11)
│   Matrix type: Matrix{Float64}
│   Element type: Float64
│   Memory usage: 0.0 MB
│   RHS length: 11
│   RHS type: Vector{Float64}
└ @ LinearSolve /home/runner/.julia/packages/LinearSolve/3MvN7/src/mkl.jl:346
┌ Warning: Verbosity toggle: blas_errors 
│  BLAS/LAPACK dgetrf: Matrix is singular
│   Details: U(1,1) is exactly zero. The factorization has been completed, but U is singular and division by U will produce infinity.
│   Return code (info): 1
│   Matrix size: (11, 11)
│   Matrix type: Matrix{Float64}
│   Element type: Float64
│   Memory usage: 0.0 MB
│   RHS length: 11
│   RHS type: Vector{Float64}
└ @ LinearSolve /home/runner/.julia/packages/LinearSolve/3MvN7/src/mkl.jl:346
┌ Warning: Verbosity toggle: blas_errors 
│  BLAS/LAPACK dgetrf: Matrix is singular
│   Details: U(1,1) is exactly zero. The factorization has been completed, but U is singular and division by U will produce infinity.
│   Return code (info): 1
│   Matrix size: (11, 11)
│   Matrix type: Matrix{Float64}
│   Element type: Float64
│   Memory usage: 0.0 MB
│   RHS length: 11
│   RHS type: Vector{Float64}
└ @ LinearSolve /home/runner/.julia/packages/LinearSolve/3MvN7/src/mkl.jl:346
┌ Warning: Verbosity toggle: blas_errors 
│  BLAS/LAPACK dgetrf: Matrix is singular
│   Details: U(1,1) is exactly zero. The factorization has been completed, but U is singular and division by U will produce infinity.
│   Return code (info): 1
│   Matrix size: (11, 11)
│   Matrix type: Matrix{Float64}
│   Element type: Float64
│   Memory usage: 0.0 MB
│   RHS length: 11
│   RHS type: Vector{Float64}
└ @ LinearSolve /home/runner/.julia/packages/LinearSolve/3MvN7/src/mkl.jl:346
┌ Warning: Verbosity toggle: blas_errors 
│  BLAS/LAPACK dgetrf: Matrix is singular
│   Details: U(1,1) is exactly zero. The factorization has been completed, but U is singular and division by U will produce infinity.
│   Return code (info): 1
│   Matrix size: (11, 11)
│   Matrix type: Matrix{Float64}
│   Element type: Float64
│   Memory usage: 0.0 MB
│   RHS length: 11
│   RHS type: Vector{Float64}
└ @ LinearSolve /home/runner/.julia/packages/LinearSolve/3MvN7/src/mkl.jl:346
┌ Warning: Verbosity toggle: dt_epsilon 
│  At t=0.20000009554146975, dt was forced below floating point epsilon 2.7755575615628914e-17. Aborting. There is either an error in your model specification or the true solution is unstable (or it cannot be represented in Float64 precision).nothing
└ @ SciMLBase /home/runner/.julia/packages/SciMLBase/7YrMQ/src/integrator_interface.jl:706
Solver OrdinaryDiffEqRosenbrock.Rodas5P
    saveat:   []
    abstol:   1.00e-06
    reltol:   1.00e-04
    adaptive: true
    dense:    true

Time: 1.674 s
Success: false

--- Error ---
Solver returned: Unstable
