Model:  Modelica.Fluid.Examples.Explanatory.MeasuringTemperature
Time:    1.133 s
Success: true

--- Parser output ---
line 1321:468 missing ';' at '.'
line 1324:143 missing ';' at '.'
line 1325:143 missing ';' at '.'
line 1332:170 mismatched input '.' expecting ')'
line 1332:303 missing 'then' at '.'
line 1332:305 mismatched input ')' expecting {'elseif', 'else'}
line 1333:172 missing ';' at '.'
line 1334:172 missing ';' at '.'
line 1365:380 missing ';' at '.'
line 1366:540 mismatched input '.' expecting ')'
line 1391:170 mismatched input '.' expecting ')'
line 1391:303 missing 'then' at '.'
line 1391:305 mismatched input ')' expecting {'elseif', 'else'}
line 1392:172 missing ';' at '.'
line 1393:172 missing ';' at '.'
line 1424:377 missing ';' at '.'
line 1425:537 mismatched input '.' expecting ')'
line 1450:167 mismatched input '.' expecting ')'
line 1450:298 missing 'then' at '.'
line 1450:300 mismatched input ')' expecting {'elseif', 'else'}
line 1451:168 missing ';' at '.'
line 1452:168 missing ';' at '.'
line 1483:378 missing ';' at '.'
line 1484:534 mismatched input '.' expecting ')'
line 1509:167 mismatched input '.' expecting ')'
line 1509:298 missing 'then' at '.'
line 1509:300 mismatched input ')' expecting {'elseif', 'else'}
line 1510:168 missing ';' at '.'
line 1511:168 missing ';' at '.'
line 1542:381 missing ';' at '.'
line 1543:537 mismatched input '.' expecting ')'
line 1568:149 mismatched input '.' expecting ')'
line 1568:268 missing 'then' at '.'
line 1568:270 mismatched input ')' expecting {'elseif', 'else'}
line 1569:144 missing ';' at '.'
line 1570:144 missing ';' at '.'
line 1586:126 missing ';' at '.'
line 1592:149 mismatched input '.' expecting ')'
line 1592:268 missing 'then' at '.'
line 1592:270 mismatched input ')' expecting {'elseif', 'else'}
line 1593:144 missing ';' at '.'
line 1594:144 missing ';' at '.'
line 1610:126 missing ';' at '.'
line 1616:338 missing ';' at '.'
line 1620:170 mismatched input '.' expecting ')'
line 1620:303 missing 'then' at '.'
line 1620:305 mismatched input ')' expecting {'elseif', 'else'}
line 1621:172 missing ';' at '.'
line 1622:172 missing ';' at '.'
line 1653:174 missing ';' at '.'
line 1654:334 mismatched input '.' expecting ')'
line 1679:167 mismatched input '.' expecting ')'
line 1679:298 missing 'then' at '.'
line 1679:300 mismatched input ')' expecting {'elseif', 'else'}
line 1680:168 missing ';' at '.'
line 1681:168 missing ';' at '.'
line 1712:172 missing ';' at '.'
line 1713:328 mismatched input '.' expecting ')'
line 1738:149 mismatched input '.' expecting ')'
line 1738:268 missing 'then' at '.'
line 1738:270 mismatched input ')' expecting {'elseif', 'else'}
line 1739:144 missing ';' at '.'
line 1740:144 missing ';' at '.'
line 1756:126 missing ';' at '.'
