Model:   Modelica.Electrical.PowerConverters.Examples.ACDC.RectifierCenterTap2mPulse.DiodeCenterTap2mPulse
┌ Warning: Verbosity toggle: max_iters 
│  Interrupted. Larger maxiters is needed. If you are using an integrator for non-stiff ODEs or an automatic switching algorithm (the default), you may want to consider using a method for stiff equations. See the solver pages for more details (e.g. https://docs.sciml.ai/DiffEqDocs/stable/solvers/ode_solve/#Stiff-Problems).
│ 
│ Diagnostics:
│ 
│ Jacobian Analysis:
│   row(s) [1] have unusually large entries (e.g. J[1,1] = -2e+06), suggesting a singularity in those equation(s)
│     in equation #1, 0 ~ var"rectifier.ac_p.pin[1].i"(t) + var"rectifier.ac_p.pin[2].i"(t) + var"rectifier.ac_p.pin[3].i"(t) - var"rectifier.diode_n.idealDiode[1].n.i"(t) - var"rect… (truncated)
│   column(s) [1] have unusually large entries, suggesting those state component(s) are diverging
│     in variable #1, var"resistor.i"(t)
└ @ DiffEqBase /home/runner/.julia/packages/DiffEqBase/wagoT/src/check_error.jl:37
Solver OrdinaryDiffEqRosenbrock.Rodas5P
    saveat:   []
    abstol:   1.00e-06
    reltol:   1.00e-06
    adaptive: true
    dense:    true

Time: 129.184 s
Success: false

--- Error ---
Solver returned: MaxIters
