Model:  Modelica.Electrical.Digital.Examples.DFFREGSRH
Time:    0.006 s
Success: false

--- Error ---
The equations of a system must involve the unknowns/observables. The following equations were found to have no unknowns/observables:
var"dFFREGSRH.delay.x[1]" ~ var"dFFREGSRH.delay.inertialDelaySensitive[1].x"
var"dFFREGSRH.delay.inertialDelaySensitive[1].y" ~ var"dFFREGSRH.delay.y[1]"
var"dFFREGSRH.delay.x[2]" ~ var"dFFREGSRH.delay.inertialDelaySensitive[2].x"
var"dFFREGSRH.delay.inertialDelaySensitive[2].y" ~ var"dFFREGSRH.delay.y[2]"
var"dFFREGSRH.dFFSR.dataOut[1]" ~ var"dFFREGSRH.delay.x[1]"
var"dFFREGSRH.dFFSR.dataOut[2]" ~ var"dFFREGSRH.delay.x[2]"
var"dFFREGSRH.set" ~ var"dFFREGSRH.dFFSR.set"
var"dFFREGSRH.reset" ~ var"dFFREGSRH.dFFSR.reset"
var"dFFREGSRH.clock" ~ var"dFFREGSRH.dFFSR.clock"
var"dFFREGSRH.dataIn[1]" ~ var"dFFREGSRH.dFFSR.dataIn[1]"
var"dFFREGSRH.dataIn[2]" ~ var"dFFREGSRH.dFFSR.dataIn[2]"
var"dFFREGSRH.delay.y[1]" ~ var"dFFREGSRH.dataOut[1]"
var"dFFREGSRH.delay.y[2]" ~ var"dFFREGSRH.dataOut[2]"
var"clock.y" ~ var"dFFREGSRH.clock"
var"set.y" ~ var"dFFREGSRH.set"
var"reset.y" ~ var"dFFREGSRH.reset"
var"data_0.y" ~ var"dFFREGSRH.dataIn[1]"
var"data_1.y" ~ var"dFFREGSRH.dataIn[2]"

Stacktrace:
  [1] error(s::String)
    @ Base ./error.jl:44
  [2] check_no_parameter_equations(sys::ModelingToolkitBase.System)
    @ ModelingToolkitBase ~/.julia/packages/ModelingToolkitBase/9wONO/src/utils.jl:376
  [3] ModelingToolkitTearing.TearingState(sys::ModelingToolkitBase.System, source_info::ModelingToolkitBase.EquationSourceInformation; check::Bool, sort_eqs::Bool)
    @ ModelingToolkitTearing ~/.julia/packages/ModelingToolkitTearing/gLc5S/src/tearingstate.jl:159
  [4] TearingState
    @ ~/.julia/packages/ModelingToolkitTearing/gLc5S/src/tearingstate.jl:148 [inlined]
  [5] __mtkcompile(sys::ModelingToolkitBase.System; inputs::OrderedCollections.OrderedSet{SymbolicUtils.BasicSymbolicImpl.var"typeof(BasicSymbolicImpl)"{SymbolicUtils.SymReal}}, outputs::OrderedCollections.OrderedSet{SymbolicUtils.BasicSymbolicImpl.var"typeof(BasicSymbolicImpl)"{SymbolicUtils.SymReal}}, disturbance_inputs::OrderedCollections.OrderedSet{SymbolicUtils.BasicSymbolicImpl.var"typeof(BasicSymbolicImpl)"{SymbolicUtils.SymReal}}, sort_eqs::Bool, kwargs::@Kwargs{additional_passes::Tuple{}})
    @ ModelingToolkit ~/.julia/packages/ModelingToolkit/4waR3/src/systems/systems.jl:34
  [6] _mtkcompile(sys::ModelingToolkitBase.System; kwargs::@Kwargs{inputs::OrderedCollections.OrderedSet{SymbolicUtils.BasicSymbolicImpl.var"typeof(BasicSymbolicImpl)"{SymbolicUtils.SymReal}}, outputs::OrderedCollections.OrderedSet{SymbolicUtils.BasicSymbolicImpl.var"typeof(BasicSymbolicImpl)"{SymbolicUtils.SymReal}}, disturbance_inputs::OrderedCollections.OrderedSet{SymbolicUtils.BasicSymbolicImpl.var"typeof(BasicSymbolicImpl)"{SymbolicUtils.SymReal}}, additional_passes::Tuple{}})
    @ ModelingToolkitBase ~/.julia/packages/ModelingToolkitBase/9wONO/src/systems/systems.jl:154
  [7] mtkcompile(sys::ModelingToolkitBase.System; additional_passes::Tuple{}, inputs::Vector{SymbolicUtils.BasicSymbolicImpl.var"typeof(BasicSymbolicImpl)"{SymbolicUtils.SymReal}}, outputs::Vector{SymbolicUtils.BasicSymbolicImpl.var"typeof(BasicSymbolicImpl)"{SymbolicUtils.SymReal}}, disturbance_inputs::Vector{SymbolicUtils.BasicSymbolicImpl.var"typeof(BasicSymbolicImpl)"{SymbolicUtils.SymReal}}, split::Bool, kwargs::@Kwargs{})
    @ ModelingToolkitBase ~/.julia/packages/ModelingToolkitBase/9wONO/src/systems/systems.jl:100
  [8] mtkcompile
    @ ~/.julia/packages/ModelingToolkitBase/9wONO/src/systems/systems.jl:84 [inlined]
  [9] eval_AST(model::BaseModelica.BaseModelicaModel)
    @ BaseModelica ~/.julia/packages/BaseModelica/RIM9p/src/evaluator.jl:826
 [10] eval_AST(package::BaseModelica.BaseModelicaPackage)
    @ BaseModelica ~/.julia/packages/BaseModelica/RIM9p/src/evaluator.jl:846
 [11] baseModelica_to_ModelingToolkit
    @ ~/.julia/packages/BaseModelica/RIM9p/src/evaluator.jl:896 [inlined]
 [12] (::BaseModelicaLibraryTesting.var"#run_parse##10#run_parse##11")()
    @ BaseModelicaLibraryTesting ~/work/BaseModelicaLibraryTesting.jl/BaseModelicaLibraryTesting.jl/src/parse_bm.jl:78
 [13] with_logstate(f::BaseModelicaLibraryTesting.var"#run_parse##10#run_parse##11", logstate::Base.CoreLogging.LogState)
    @ Base.CoreLogging ./logging/logging.jl:542
 [14] with_logger
    @ ./logging/logging.jl:653 [inlined]
 [15] (::BaseModelicaLibraryTesting.var"#run_parse##8#run_parse##9")()
    @ BaseModelicaLibraryTesting ~/work/BaseModelicaLibraryTesting.jl/BaseModelicaLibraryTesting.jl/src/parse_bm.jl:77
 [16] (::Base.RedirectStdStream)(thunk::BaseModelicaLibraryTesting.var"#run_parse##8#run_parse##9", stream::Pipe)
    @ Base ./stream.jl:1464
 [17] #run_parse##6
    @ ~/work/BaseModelicaLibraryTesting.jl/BaseModelicaLibraryTesting.jl/src/parse_bm.jl:76 [inlined]
 [18] (::Base.RedirectStdStream)(thunk::BaseModelicaLibraryTesting.var"#run_parse##6#run_parse##7"{Pipe}, stream::Pipe)
    @ Base ./stream.jl:1464
 [19] run_parse(bm_path::String, model_dir::String, model::String)
    @ BaseModelicaLibraryTesting ~/work/BaseModelicaLibraryTesting.jl/BaseModelicaLibraryTesting.jl/src/parse_bm.jl:75
 [20] test_model(omc::OMJulia.OMCSession, model::String, results_root::String, ref_root::String; sim_settings::SimulateSettings, csv_max_size_mb::Int64)
    @ BaseModelicaLibraryTesting ~/work/BaseModelicaLibraryTesting.jl/BaseModelicaLibraryTesting.jl/src/pipeline.jl:82
 [21] test_model
    @ ~/work/BaseModelicaLibraryTesting.jl/BaseModelicaLibraryTesting.jl/src/pipeline.jl:60 [inlined]
 [22] main(; library::String, version::String, filter::String, omc_exe::String, results_root::String, ref_root::String, bm_options::String, sim_settings::SimulateSettings, csv_max_size_mb::Int64)
    @ BaseModelicaLibraryTesting ~/work/BaseModelicaLibraryTesting.jl/BaseModelicaLibraryTesting.jl/src/pipeline.jl:220
 [23] top-level scope
    @ none:7
 [24] eval(m::Module, e::Any)
    @ Core ./boot.jl:489
 [25] exec_options(opts::Base.JLOptions)
    @ Base ./client.jl:283
 [26] _start()
    @ Base ./client.jl:550
