Model:   Modelica.Electrical.Analog.Examples.CharacteristicIdealDiodes

Time: 0.245 s
Success: false

--- Error ---
UndefVarError: `Rodas5Pr` not defined in `DifferentialEquations`
Suggestion: check for spelling errors or missing imports.
Hint: a global variable of this name also exists in OrdinaryDiffEqRosenbrock.
Stacktrace:
  [1] getproperty
    @ ./Base_compiler.jl:47 [inlined]
  [2] (::BaseModelicaLibraryTesting.var"#52#53"{SimulateSettings, ODEProblem{Vector{Float64}, Tuple{Float64, Float64}, true, ModelingToolkitBase.MTKParameters{Vector{Float64}, Vector{Float64}, Tuple{BlockArrays.BlockedVector{Bool, BitVector, Tuple{BlockArrays.BlockedOneTo{Int64, Vector{Int64}}}}}, Tuple{BitVector}, Tuple{}, Tuple{}}, ODEFunction{true, SciMLBase.AutoSpecialize, ModelingToolkitBase.GeneratedFunctionWrapper{(2, 3, true), RuntimeGeneratedFunctions.RuntimeGeneratedFunction{(:___mtkunknowns___, :___mtkparameters___, :__argₛᵧₘ1249670312406203976), ModelingToolkitBase.var"#_RGF_ModTag", ModelingToolkitBase.var"#_RGF_ModTag", (0x127b8ce6, 0x6b492ddc, 0xff614f7b, 0x66c82b6c, 0xda2c7702), Nothing}, RuntimeGeneratedFunctions.RuntimeGeneratedFunction{(:__argₛᵧₘ1401282876548370056, :___mtkunknowns___, :___mtkparameters___, :__argₛᵧₘ1249670312406203976), ModelingToolkitBase.var"#_RGF_ModTag", ModelingToolkitBase.var"#_RGF_ModTag", (0x4f55f425, 0x854ffe45, 0x8c8caf3b, 0x80e7d864, 0x41e16df8), Nothing}}, LinearAlgebra.Diagonal{Float64, Vector{Float64}}, Nothing, Nothing, Nothing, Nothing, Nothing, Nothing, Nothing, Nothing, Nothing, Nothing, Nothing, Nothing, ModelingToolkitBase.ObservedFunctionCache{ModelingToolkitBase.System, Nothing}, Nothing, ModelingToolkitBase.System, Union{Nothing, SciMLBase.OverrideInitData}, Union{Nothing, SciMLBase.ODENLStepData}}, @Kwargs{callback::VectorContinuousCallback{ModelingToolkitBase.CompiledCondition{false, ModelingToolkitBase.GeneratedFunctionWrapper{(2, 3, true), RuntimeGeneratedFunctions.RuntimeGeneratedFunction{(:___mtkunknowns___, :___mtkparameters___, :__argₛᵧₘ1249670312406203976), ModelingToolkitBase.var"#_RGF_ModTag", ModelingToolkitBase.var"#_RGF_ModTag", (0x2fdaaf83, 0xd6e77732, 0xd9663f65, 0x18cd4f97, 0xbbc8a307), Nothing}, RuntimeGeneratedFunctions.RuntimeGeneratedFunction{(:__argₛᵧₘ1401282876548370056, :___mtkunknowns___, :___mtkparameters___, :__argₛᵧₘ1249670312406203976), ModelingToolkitBase.var"#_RGF_ModTag", ModelingToolkitBase.var"#_RGF_ModTag", (0x7848266d, 0x1d789b65, 0xee3dd5a0, 0xaa91f14a, 0xad996320), Nothing}}}, ModelingToolkitBase.VectorAffect{Vector{Int64}, Vector{Any}, Vector{Any}}, typeof(SciMLBase.INITIALIZE_DEFAULT), typeof(SciMLBase.FINALIZE_DEFAULT), Float64, Int64, Rational{Int64}, DiffEqBase.BrownFullBasicInit{Float64, Nothing}, Nothing, Int64, Vector{Vector{Int64}}}, reltol::Float64}, SciMLBase.StandardODEProblem}, Rodas5P{AutoForwardDiff{nothing, Nothing}, Nothing, typeof(OrdinaryDiffEqCore.trivial_limiter!), typeof(OrdinaryDiffEqCore.trivial_limiter!), Nothing}})()
    @ BaseModelicaLibraryTesting ~/work/BaseModelicaLibraryTesting.jl/BaseModelicaLibraryTesting.jl/src/simulate.jl:91
  [3] with_logstate(f::BaseModelicaLibraryTesting.var"#52#53"{SimulateSettings, ODEProblem{Vector{Float64}, Tuple{Float64, Float64}, true, ModelingToolkitBase.MTKParameters{Vector{Float64}, Vector{Float64}, Tuple{BlockArrays.BlockedVector{Bool, BitVector, Tuple{BlockArrays.BlockedOneTo{Int64, Vector{Int64}}}}}, Tuple{BitVector}, Tuple{}, Tuple{}}, ODEFunction{true, SciMLBase.AutoSpecialize, ModelingToolkitBase.GeneratedFunctionWrapper{(2, 3, true), RuntimeGeneratedFunctions.RuntimeGeneratedFunction{(:___mtkunknowns___, :___mtkparameters___, :__argₛᵧₘ1249670312406203976), ModelingToolkitBase.var"#_RGF_ModTag", ModelingToolkitBase.var"#_RGF_ModTag", (0x127b8ce6, 0x6b492ddc, 0xff614f7b, 0x66c82b6c, 0xda2c7702), Nothing}, RuntimeGeneratedFunctions.RuntimeGeneratedFunction{(:__argₛᵧₘ1401282876548370056, :___mtkunknowns___, :___mtkparameters___, :__argₛᵧₘ1249670312406203976), ModelingToolkitBase.var"#_RGF_ModTag", ModelingToolkitBase.var"#_RGF_ModTag", (0x4f55f425, 0x854ffe45, 0x8c8caf3b, 0x80e7d864, 0x41e16df8), Nothing}}, LinearAlgebra.Diagonal{Float64, Vector{Float64}}, Nothing, Nothing, Nothing, Nothing, Nothing, Nothing, Nothing, Nothing, Nothing, Nothing, Nothing, Nothing, ModelingToolkitBase.ObservedFunctionCache{ModelingToolkitBase.System, Nothing}, Nothing, ModelingToolkitBase.System, Union{Nothing, SciMLBase.OverrideInitData}, Union{Nothing, SciMLBase.ODENLStepData}}, @Kwargs{callback::VectorContinuousCallback{ModelingToolkitBase.CompiledCondition{false, ModelingToolkitBase.GeneratedFunctionWrapper{(2, 3, true), RuntimeGeneratedFunctions.RuntimeGeneratedFunction{(:___mtkunknowns___, :___mtkparameters___, :__argₛᵧₘ1249670312406203976), ModelingToolkitBase.var"#_RGF_ModTag", ModelingToolkitBase.var"#_RGF_ModTag", (0x2fdaaf83, 0xd6e77732, 0xd9663f65, 0x18cd4f97, 0xbbc8a307), Nothing}, RuntimeGeneratedFunctions.RuntimeGeneratedFunction{(:__argₛᵧₘ1401282876548370056, :___mtkunknowns___, :___mtkparameters___, :__argₛᵧₘ1249670312406203976), ModelingToolkitBase.var"#_RGF_ModTag", ModelingToolkitBase.var"#_RGF_ModTag", (0x7848266d, 0x1d789b65, 0xee3dd5a0, 0xaa91f14a, 0xad996320), Nothing}}}, ModelingToolkitBase.VectorAffect{Vector{Int64}, Vector{Any}, Vector{Any}}, typeof(SciMLBase.INITIALIZE_DEFAULT), typeof(SciMLBase.FINALIZE_DEFAULT), Float64, Int64, Rational{Int64}, DiffEqBase.BrownFullBasicInit{Float64, Nothing}, Nothing, Int64, Vector{Vector{Int64}}}, reltol::Float64}, SciMLBase.StandardODEProblem}, Rodas5P{AutoForwardDiff{nothing, Nothing}, Nothing, typeof(OrdinaryDiffEqCore.trivial_limiter!), typeof(OrdinaryDiffEqCore.trivial_limiter!), Nothing}}, logstate::Base.CoreLogging.LogState)
    @ Base.CoreLogging ./logging/logging.jl:542
  [4] with_logger(f::Function, logger::Base.CoreLogging.SimpleLogger)
    @ Base.CoreLogging ./logging/logging.jl:653
  [5] run_simulate(ode_prob::ODEProblem{Vector{Float64}, Tuple{Float64, Float64}, true, ModelingToolkitBase.MTKParameters{Vector{Float64}, Vector{Float64}, Tuple{BlockArrays.BlockedVector{Bool, BitVector, Tuple{BlockArrays.BlockedOneTo{Int64, Vector{Int64}}}}}, Tuple{BitVector}, Tuple{}, Tuple{}}, ODEFunction{true, SciMLBase.AutoSpecialize, ModelingToolkitBase.GeneratedFunctionWrapper{(2, 3, true), RuntimeGeneratedFunctions.RuntimeGeneratedFunction{(:___mtkunknowns___, :___mtkparameters___, :__argₛᵧₘ1249670312406203976), ModelingToolkitBase.var"#_RGF_ModTag", ModelingToolkitBase.var"#_RGF_ModTag", (0x127b8ce6, 0x6b492ddc, 0xff614f7b, 0x66c82b6c, 0xda2c7702), Nothing}, RuntimeGeneratedFunctions.RuntimeGeneratedFunction{(:__argₛᵧₘ1401282876548370056, :___mtkunknowns___, :___mtkparameters___, :__argₛᵧₘ1249670312406203976), ModelingToolkitBase.var"#_RGF_ModTag", ModelingToolkitBase.var"#_RGF_ModTag", (0x4f55f425, 0x854ffe45, 0x8c8caf3b, 0x80e7d864, 0x41e16df8), Nothing}}, LinearAlgebra.Diagonal{Float64, Vector{Float64}}, Nothing, Nothing, Nothing, Nothing, Nothing, Nothing, Nothing, Nothing, Nothing, Nothing, Nothing, Nothing, ModelingToolkitBase.ObservedFunctionCache{ModelingToolkitBase.System, Nothing}, Nothing, ModelingToolkitBase.System, Union{Nothing, SciMLBase.OverrideInitData}, Union{Nothing, SciMLBase.ODENLStepData}}, @Kwargs{callback::VectorContinuousCallback{ModelingToolkitBase.CompiledCondition{false, ModelingToolkitBase.GeneratedFunctionWrapper{(2, 3, true), RuntimeGeneratedFunctions.RuntimeGeneratedFunction{(:___mtkunknowns___, :___mtkparameters___, :__argₛᵧₘ1249670312406203976), ModelingToolkitBase.var"#_RGF_ModTag", ModelingToolkitBase.var"#_RGF_ModTag", (0x2fdaaf83, 0xd6e77732, 0xd9663f65, 0x18cd4f97, 0xbbc8a307), Nothing}, RuntimeGeneratedFunctions.RuntimeGeneratedFunction{(:__argₛᵧₘ1401282876548370056, :___mtkunknowns___, :___mtkparameters___, :__argₛᵧₘ1249670312406203976), ModelingToolkitBase.var"#_RGF_ModTag", ModelingToolkitBase.var"#_RGF_ModTag", (0x7848266d, 0x1d789b65, 0xee3dd5a0, 0xaa91f14a, 0xad996320), Nothing}}}, ModelingToolkitBase.VectorAffect{Vector{Int64}, Vector{Any}, Vector{Any}}, typeof(SciMLBase.INITIALIZE_DEFAULT), typeof(SciMLBase.FINALIZE_DEFAULT), Float64, Int64, Rational{Int64}, DiffEqBase.BrownFullBasicInit{Float64, Nothing}, Nothing, Int64, Vector{Vector{Int64}}}, reltol::Float64}, SciMLBase.StandardODEProblem}, model_dir::String, model::String; settings::SimulateSettings, cmp_signals::Vector{String}, csv_max_size_mb::Int64)
    @ BaseModelicaLibraryTesting ~/work/BaseModelicaLibraryTesting.jl/BaseModelicaLibraryTesting.jl/src/simulate.jl:80
  [6] test_model(omc::OMJulia.OMCSession, model::String, results_root::String, ref_root::String; sim_settings::SimulateSettings, csv_max_size_mb::Int64)
    @ BaseModelicaLibraryTesting ~/work/BaseModelicaLibraryTesting.jl/BaseModelicaLibraryTesting.jl/src/pipeline.jl:107
  [7] test_model
    @ ~/work/BaseModelicaLibraryTesting.jl/BaseModelicaLibraryTesting.jl/src/pipeline.jl:60 [inlined]
  [8] main(; library::String, version::String, filter::String, omc_exe::String, results_root::String, ref_root::String, bm_options::String, sim_settings::SimulateSettings, csv_max_size_mb::Int64)
    @ BaseModelicaLibraryTesting ~/work/BaseModelicaLibraryTesting.jl/BaseModelicaLibraryTesting.jl/src/pipeline.jl:220
  [9] top-level scope
    @ none:7
 [10] eval(m::Module, e::Any)
    @ Core ./boot.jl:489
 [11] exec_options(opts::Base.JLOptions)
    @ Base ./client.jl:283
 [12] _start()
    @ Base ./client.jl:550
