Model:  Modelica.Fluid.Examples.NonCircularPipes
Time:    1.14 s
Success: true

--- Parser output ---
line 1317:155 mismatched input '.' expecting ')'
line 1317:278 missing 'then' at '.'
line 1317:280 mismatched input ')' expecting {'elseif', 'else'}
line 1318:152 missing ';' at '.'
line 1319:152 missing ';' at '.'
line 1337:137 missing ';' at '.'
line 1343:170 mismatched input '.' expecting ')'
line 1343:303 missing 'then' at '.'
line 1343:305 mismatched input ')' expecting {'elseif', 'else'}
line 1344:172 missing ';' at '.'
line 1345:172 missing ';' at '.'
line 1362:147 missing ';' at '.'
line 1368:170 mismatched input '.' expecting ')'
line 1368:303 missing 'then' at '.'
line 1368:305 mismatched input ')' expecting {'elseif', 'else'}
line 1369:172 missing ';' at '.'
line 1370:172 missing ';' at '.'
line 1387:147 missing ';' at '.'
line 1395:182 mismatched input '.' expecting ')'
line 1395:323 missing 'then' at '.'
line 1395:325 mismatched input ')' expecting {'elseif', 'else'}
line 1396:188 missing ';' at '.'
line 1397:188 missing ';' at '.'
line 1411:182 mismatched input '.' expecting ')'
line 1411:323 missing 'then' at '.'
line 1411:325 mismatched input ')' expecting {'elseif', 'else'}
line 1412:188 missing ';' at '.'
line 1413:188 missing ';' at '.'
line 1494:151 missing ';' at '.'
line 1495:151 missing ';' at '.'
line 1499:156 missing ';' at '.'
line 1500:156 missing ';' at '.'
line 1528:179 mismatched input '.' expecting ')'
line 1528:318 missing 'then' at '.'
line 1528:320 mismatched input ')' expecting {'elseif', 'else'}
line 1529:184 missing ';' at '.'
line 1530:184 missing ';' at '.'
line 1544:179 mismatched input '.' expecting ')'
line 1544:318 missing 'then' at '.'
line 1544:320 mismatched input ')' expecting {'elseif', 'else'}
line 1545:184 missing ';' at '.'
line 1546:184 missing ';' at '.'
line 1627:149 missing ';' at '.'
line 1628:149 missing ';' at '.'
line 1632:154 missing ';' at '.'
line 1633:154 missing ';' at '.'
